
Discarded input sections

 .group         0x00000000        0x8 build/main.o
 .note.GNU-stack
                0x00000000        0x0 build/main.o
 .group         0x00000000        0x8 build/init.o
 .text.__x86.get_pc_thunk.bx
                0x00000000        0x4 build/init.o
 .note.GNU-stack
                0x00000000        0x0 build/init.o
 .group         0x00000000        0x8 build/interrupt.o
 .group         0x00000000        0x8 build/interrupt.o
 .text.__x86.get_pc_thunk.bx
                0x00000000        0x4 build/interrupt.o
 .note.GNU-stack
                0x00000000        0x0 build/interrupt.o
 .group         0x00000000        0x8 build/timer.o
 .group         0x00000000        0x8 build/timer.o
 .group         0x00000000        0x8 build/timer.o
 .text.__x86.get_pc_thunk.ax
                0x00000000        0x4 build/timer.o
 .text.__x86.get_pc_thunk.bx
                0x00000000        0x4 build/timer.o
 .note.GNU-stack
                0x00000000        0x0 build/timer.o
 .group         0x00000000        0x8 build/debug.o
 .text.__x86.get_pc_thunk.bx
                0x00000000        0x4 build/debug.o
 .note.GNU-stack
                0x00000000        0x0 build/debug.o
 .group         0x00000000        0x8 build/string.o
 .text.__x86.get_pc_thunk.ax
                0x00000000        0x4 build/string.o
 .note.GNU-stack
                0x00000000        0x0 build/string.o
 .group         0x00000000        0x8 build/memory.o
 .group         0x00000000        0x8 build/memory.o
 .text.__x86.get_pc_thunk.ax
                0x00000000        0x4 build/memory.o
 .text.__x86.get_pc_thunk.bx
                0x00000000        0x4 build/memory.o
 .note.GNU-stack
                0x00000000        0x0 build/memory.o
 .group         0x00000000        0x8 build/bitmap.o
 .text.__x86.get_pc_thunk.ax
                0x00000000        0x4 build/bitmap.o
 .note.GNU-stack
                0x00000000        0x0 build/bitmap.o
 .group         0x00000000        0x8 build/thread.o
 .group         0x00000000        0x8 build/thread.o
 .group         0x00000000        0x8 build/thread.o
 .text.__x86.get_pc_thunk.ax
                0x00000000        0x4 build/thread.o
 .text.__x86.get_pc_thunk.bx
                0x00000000        0x4 build/thread.o
 .note.GNU-stack
                0x00000000        0x0 build/thread.o
 .group         0x00000000        0x8 build/list.o
 .group         0x00000000        0x8 build/list.o
 .text.__x86.get_pc_thunk.ax
                0x00000000        0x4 build/list.o
 .text.__x86.get_pc_thunk.bx
                0x00000000        0x4 build/list.o
 .note.GNU-stack
                0x00000000        0x0 build/list.o
 .group         0x00000000        0x8 build/sync.o
 .group         0x00000000        0x8 build/sync.o
 .text.__x86.get_pc_thunk.ax
                0x00000000        0x4 build/sync.o
 .text.__x86.get_pc_thunk.bx
                0x00000000        0x4 build/sync.o
 .note.GNU-stack
                0x00000000        0x0 build/sync.o
 .group         0x00000000        0x8 build/console.o
 .group         0x00000000        0x8 build/console.o
 .text.__x86.get_pc_thunk.ax
                0x00000000        0x4 build/console.o
 .text.__x86.get_pc_thunk.bx
                0x00000000        0x4 build/console.o
 .note.GNU-stack
                0x00000000        0x0 build/console.o
 .group         0x00000000        0x8 build/keyboard.o
 .group         0x00000000        0x8 build/keyboard.o
 .text.__x86.get_pc_thunk.ax
                0x00000000        0x4 build/keyboard.o
 .text.__x86.get_pc_thunk.bx
                0x00000000        0x4 build/keyboard.o
 .note.GNU-stack
                0x00000000        0x0 build/keyboard.o
 .group         0x00000000        0x8 build/ioqueue.o
 .group         0x00000000        0x8 build/ioqueue.o
 .text.__x86.get_pc_thunk.ax
                0x00000000        0x4 build/ioqueue.o
 .text.__x86.get_pc_thunk.bx
                0x00000000        0x4 build/ioqueue.o
 .note.GNU-stack
                0x00000000        0x0 build/ioqueue.o
 .group         0x00000000        0x8 build/tss.o
 .group         0x00000000        0x8 build/tss.o
 .text.__x86.get_pc_thunk.ax
                0x00000000        0x4 build/tss.o
 .text.__x86.get_pc_thunk.bx
                0x00000000        0x4 build/tss.o
 .note.GNU-stack
                0x00000000        0x0 build/tss.o
 .group         0x00000000        0x8 build/process.o
 .group         0x00000000        0x8 build/process.o
 .text.__x86.get_pc_thunk.ax
                0x00000000        0x4 build/process.o
 .text.__x86.get_pc_thunk.bx
                0x00000000        0x4 build/process.o
 .note.GNU-stack
                0x00000000        0x0 build/process.o
 .group         0x00000000        0x8 build/syscall-init.o
 .group         0x00000000        0x8 build/syscall-init.o
 .text.__x86.get_pc_thunk.ax
                0x00000000        0x4 build/syscall-init.o
 .text.__x86.get_pc_thunk.bx
                0x00000000        0x4 build/syscall-init.o
 .note.GNU-stack
                0x00000000        0x0 build/syscall-init.o
 .group         0x00000000        0x8 build/syscall.o
 .text.__x86.get_pc_thunk.ax
                0x00000000        0x4 build/syscall.o
 .note.GNU-stack
                0x00000000        0x0 build/syscall.o
 .group         0x00000000        0x8 build/stdio.o
 .group         0x00000000        0x8 build/stdio.o
 .text.__x86.get_pc_thunk.ax
                0x00000000        0x4 build/stdio.o
 .text.__x86.get_pc_thunk.bx
                0x00000000        0x4 build/stdio.o
 .note.GNU-stack
                0x00000000        0x0 build/stdio.o
 .group         0x00000000        0x8 build/stdio-kernel.o
 .text.__x86.get_pc_thunk.bx
                0x00000000        0x4 build/stdio-kernel.o
 .note.GNU-stack
                0x00000000        0x0 build/stdio-kernel.o
 .group         0x00000000        0x8 build/ide.o
 .text.__x86.get_pc_thunk.bx
                0x00000000        0x4 build/ide.o
 .note.GNU-stack
                0x00000000        0x0 build/ide.o

Memory Configuration

Name             Origin             Length             Attributes
*default*        0x00000000         0xffffffff

Linker script and memory map

Address of section .text set to 0xc0001500
LOAD build/main.o
LOAD build/init.o
LOAD build/interrupt.o
LOAD build/timer.o
LOAD build/kernel.o
LOAD build/print.o
LOAD build/switch.o
LOAD build/debug.o
LOAD build/string.o
LOAD build/memory.o
LOAD build/bitmap.o
LOAD build/thread.o
LOAD build/list.o
LOAD build/sync.o
LOAD build/console.o
LOAD build/keyboard.o
LOAD build/ioqueue.o
LOAD build/tss.o
LOAD build/process.o
LOAD build/syscall-init.o
LOAD build/syscall.o
LOAD build/stdio.o
LOAD build/stdio-kernel.o
LOAD build/ide.o
                [!provide]                        PROVIDE (__executable_start = SEGMENT_START ("text-segment", 0x8048000))
                0x080480f4                        . = (SEGMENT_START ("text-segment", 0x8048000) + SIZEOF_HEADERS)

.interp
 *(.interp)

.note.gnu.build-id
 *(.note.gnu.build-id)

.hash
 *(.hash)

.gnu.hash
 *(.gnu.hash)

.dynsym
 *(.dynsym)

.dynstr
 *(.dynstr)

.gnu.version
 *(.gnu.version)

.gnu.version_d
 *(.gnu.version_d)

.gnu.version_r
 *(.gnu.version_r)

.rel.dyn        0x080480f4        0x0
 *(.rel.init)
 *(.rel.text .rel.text.* .rel.gnu.linkonce.t.*)
 *(.rel.fini)
 *(.rel.rodata .rel.rodata.* .rel.gnu.linkonce.r.*)
 *(.rel.data.rel.ro .rel.data.rel.ro.* .rel.gnu.linkonce.d.rel.ro.*)
 *(.rel.data .rel.data.* .rel.gnu.linkonce.d.*)
 *(.rel.tdata .rel.tdata.* .rel.gnu.linkonce.td.*)
 *(.rel.tbss .rel.tbss.* .rel.gnu.linkonce.tb.*)
 *(.rel.ctors)
 *(.rel.dtors)
 *(.rel.got)
 .rel.got       0x080480f4        0x0 build/main.o
 *(.rel.bss .rel.bss.* .rel.gnu.linkonce.b.*)
 *(.rel.ifunc)

.rel.plt        0x080480f4        0x0
 *(.rel.plt)
                [!provide]                        PROVIDE (__rel_iplt_start = .)
 *(.rel.iplt)
 .rel.iplt      0x080480f4        0x0 build/main.o
                [!provide]                        PROVIDE (__rel_iplt_end = .)

.relr.dyn
 *(.relr.dyn)
                0x08049000                        . = ALIGN (CONSTANT (MAXPAGESIZE))

.init
 *(SORT_NONE(.init))

.plt            0x08049000        0x0
 *(.plt)
 *(.iplt)
 .iplt          0x08049000        0x0 build/main.o

.plt.got
 *(.plt.got)

.plt.sec
 *(.plt.sec)

.text           0xc0001500     0x540d
 *(.text.unlikely .text.*_unlikely .text.unlikely.*)
 *(.text.exit .text.exit.*)
 *(.text.startup .text.startup.*)
 *(.text.hot .text.hot.*)
 *(SORT_BY_NAME(.text.sorted.*))
 *(.text .stub .text.* .gnu.linkonce.t.*)
 .text          0xc0001500      0x161 build/main.o
                0xc0001500                main
                0xc0001587                test_thread1
                0xc00015f4                test_thread2
 .text.__x86.get_pc_thunk.bx
                0xc0001661        0x4 build/main.o
                0xc0001661                __x86.get_pc_thunk.bx
 .text          0xc0001665       0x57 build/init.o
                0xc0001665                init_all
 .text          0xc00016bc      0x55b build/interrupt.o
                0xc0001abe                idt_init
                0xc0001b2a                intr_get_intr
                0xc0001b51                intr_enable
                0xc0001b84                intr_disable
                0xc0001bb7                intr_get_status
                0xc0001bcb                intr_set_intr
                0xc0001bf0                register_handler
 .text.__x86.get_pc_thunk.ax
                0xc0001c17        0x4 build/interrupt.o
                0xc0001c17                __x86.get_pc_thunk.ax
 .text          0xc0001c1b      0x24e build/timer.o
                0xc0001d68                timer_init
                0xc0001e07                mtime_sleep
 .text.__x86.get_pc_thunk.cx
                0xc0001e69        0x4 build/timer.o
                0xc0001e69                __x86.get_pc_thunk.cx
 *fill*         0xc0001e6d        0x3 
 .text          0xc0001e70      0xe21 build/kernel.o
                0xc0001e70                intr_exit
                0xc0001e7e                syscall_handler
 *fill*         0xc0002c91        0xf 
 .text          0xc0002ca0      0x172 build/print.o
                0xc0002ca0                put_str
                0xc0002cbe                put_int
                0xc0002d21                put_char
                0xc0002dee                set_cursor
 *fill*         0xc0002e12        0xe 
 .text          0xc0002e20       0x15 build/switch.o
                0xc0002e20                switch_to
 .text          0xc0002e35       0xf3 build/debug.o
                0xc0002e35                panic_spin
 .text          0xc0002f28      0x49c build/string.o
                0xc0002f28                memset
                0xc0002f90                memcpy
                0xc0003006                memcmp
                0xc000309f                strcpy
                0xc000310a                strlen
                0xc0003167                strcmp
                0xc00031f6                strchr
                0xc000325e                strrchr
                0xc00032d2                strcat
                0xc0003352                strchrs
 .text          0xc00033c4     0x128b build/memory.o
                0xc00033c4                block_desc_init
                0xc0003598                pde_ptr
                0xc00035be                pte_ptr
                0xc000379c                malloc_page
                0xc0003875                get_kernel_pages
                0xc00038bf                get_user_pages
                0xc000392d                get_a_page
                0xc0003ab4                addr_v2p
                0xc0003d43                mem_init
                0xc0003da9                pfree
                0xc0003f13                mfree_page
                0xc000413e                sys_malloc
                0xc0004469                sys_free
 .text          0xc000464f      0x28a build/bitmap.o
                0xc000464f                bitmap_init
                0xc0004682                bitmap_scan_test
                0xc00046cb                bitmap_scan
                0xc0004811                bitmap_set
 .text          0xc00048d9      0x797 build/thread.o
                0xc00048fb                running_thread
                0xc0004996                thread_create
                0xc0004a1a                init_thread
                0xc0004ace                thread_start
                0xc0004c63                schedule
                0xc0004da3                thread_init
                0xc0004e3a                thread_block
                0xc0004eb2                thread_unblock
                0xc0004fd3                thread_yield
 .text.__x86.get_pc_thunk.dx
                0xc0005070        0x4 build/thread.o
                0xc0005070                __x86.get_pc_thunk.dx
 .text          0xc0005074      0x25f build/list.o
                0xc0005074                list_init
                0xc00050ac                list_insert_before
                0xc0005100                list_push
                0xc0005128                list_append
                0xc0005150                list_remove
                0xc0005199                list_pop
                0xc00051c5                elem_find
                0xc000520a                list_traversal
                0xc0005271                list_len
                0xc00052b0                list_empty
 .text          0xc00052d3      0x38f build/sync.o
                0xc00052d3                sema_init
                0xc000530d                lock_init
                0xc0005347                sema_down
                0xc0005463                sema_up
                0xc000552d                lock_acquire
                0xc00055b3                lock_release
 .text          0xc0005662      0x119 build/console.o
                0xc0005662                console_init
                0xc000568d                console_acquire
                0xc00056b8                console_release
                0xc00056e3                console_put_str
                0xc0005713                console_put_char
                0xc000574b                console_put_int
 .text          0xc000577b      0x317 build/keyboard.o
                0xc0005a30                keyboard_init
 .text          0xc0005a92      0x380 build/ioqueue.o
                0xc0005a92                ioqueue_init
                0xc0005b0c                ioq_full
                0xc0005b6d                ioq_empty
                0xc0005c77                ioq_getchar
                0xc0005d43                ioq_putchar
 .text          0xc0005e12      0x1b1 build/tss.o
                0xc0005e12                update_tss_esp
                0xc0005ea3                tss_init
 .text          0xc0005fc3      0x3d3 build/process.o
                0xc0005fc3                start_process
                0xc00060cc                page_dir_activate
                0xc0006111                process_activate
                0xc0006174                create_page_dir
                0xc00061fd                create_user_addr_bitmap
                0xc0006256                process_execute
 .text          0xc0006396       0xbf build/syscall-init.o
                0xc0006396                sys_getpid
                0xc00063b6                sys_write
                0xc00063e9                syscall_init
 .text          0xc0006455       0x95 build/syscall.o
                0xc0006455                getpid
                0xc0006474                write
                0xc000649c                malloc
                0xc00064c4                free
 .text          0xc00064ea      0x288 build/stdio.o
                0xc000657b                vsprintf
                0xc0006709                printf
 .text          0xc0006772       0x6a build/stdio-kernel.o
                0xc0006772                printk
 .text          0xc00067dc      0x131 build/ide.o
                0xc00067dc                ide_init
 *(.gnu.warning)

.fini
 *(SORT_NONE(.fini))
                [!provide]                        PROVIDE (__etext = .)
                [!provide]                        PROVIDE (_etext = .)
                [!provide]                        PROVIDE (etext = .)
                0xc0007000                        . = ALIGN (CONSTANT (MAXPAGESIZE))
                0xc0007000                        . = SEGMENT_START ("rodata-segment", (ALIGN (CONSTANT (MAXPAGESIZE)) + (. & (CONSTANT (MAXPAGESIZE) - 0x1))))

.rodata         0xc0007000      0xfe1
 *(.rodata .rodata.* .gnu.linkonce.r.*)
 .rodata        0xc0007000       0x3c build/main.o
 .rodata        0xc000703c        0xa build/init.o
 *fill*         0xc0007046        0x2 
 .rodata        0xc0007048      0x2c1 build/interrupt.o
 *fill*         0xc0007309        0x3 
 .rodata        0xc000730c       0x8c build/timer.o
 .rodata        0xc0007398       0x80 build/debug.o
 .rodata        0xc0007418       0xe0 build/string.o
 .rodata        0xc00074f8      0x445 build/memory.o
 *fill*         0xc000793d        0x3 
 .rodata        0xc0007940       0x6b build/bitmap.o
 *fill*         0xc00079ab        0x1 
 .rodata        0xc00079ac      0x2ad build/thread.o
 *fill*         0xc0007c59        0x3 
 .rodata        0xc0007c5c      0x135 build/sync.o
 .rodata        0xc0007d91       0x36 build/keyboard.o
 *fill*         0xc0007dc7        0x1 
 .rodata        0xc0007dc8       0xa8 build/ioqueue.o
 .rodata        0xc0007e70       0x27 build/tss.o
 *fill*         0xc0007e97        0x1 
 .rodata        0xc0007e98       0xd8 build/process.o
 .rodata        0xc0007f70       0x27 build/syscall-init.o
 *fill*         0xc0007f97        0x1 
 .rodata        0xc0007f98       0x49 build/ide.o

.rodata1
 *(.rodata1)

.eh_frame_hdr
 *(.eh_frame_hdr)
 *(.eh_frame_entry .eh_frame_entry.*)

.eh_frame       0xc0007fe4     0x11a4
 *(.eh_frame)
 .eh_frame      0xc0007fe4       0x8c build/main.o
 .eh_frame      0xc0008070       0x24 build/init.o
                                 0x50 (size before relaxing)
 .eh_frame      0xc0008094      0x1c4 build/interrupt.o
                                0x1f0 (size before relaxing)
 .eh_frame      0xc0008258       0xf0 build/timer.o
                                0x130 (size before relaxing)
 .eh_frame      0xc0008348       0x1c build/debug.o
                                 0x48 (size before relaxing)
 .eh_frame      0xc0008364      0x168 build/string.o
                                0x194 (size before relaxing)
 .eh_frame      0xc00084cc      0x2dc build/memory.o
                                0x31c (size before relaxing)
 .eh_frame      0xc00087a8       0x90 build/bitmap.o
                                 0xbc (size before relaxing)
 .eh_frame      0xc0008838      0x1d8 build/thread.o
                                0x218 (size before relaxing)
 .eh_frame      0xc0008a10      0x148 build/list.o
                                0x188 (size before relaxing)
 .eh_frame      0xc0008b58       0xdc build/sync.o
                                0x11c (size before relaxing)
 .eh_frame      0xc0008c34       0xd8 build/console.o
                                0x118 (size before relaxing)
 .eh_frame      0xc0008d0c       0x68 build/keyboard.o
                                 0xa8 (size before relaxing)
 .eh_frame      0xc0008d74      0x11c build/ioqueue.o
                                0x15c (size before relaxing)
 .eh_frame      0xc0008e90       0x6c build/tss.o
                                 0xac (size before relaxing)
 .eh_frame      0xc0008efc       0xd8 build/process.o
                                0x118 (size before relaxing)
 .eh_frame      0xc0008fd4       0x6c build/syscall-init.o
                                 0xac (size before relaxing)
 .eh_frame      0xc0009040       0x8c build/syscall.o
                                 0xb8 (size before relaxing)
 .eh_frame      0xc00090cc       0x70 build/stdio.o
                                 0xb0 (size before relaxing)
 .eh_frame      0xc000913c       0x28 build/stdio-kernel.o
                                 0x54 (size before relaxing)
 .eh_frame      0xc0009164       0x24 build/ide.o
                                 0x50 (size before relaxing)
 *(.eh_frame.*)

.sframe
 *(.sframe)
 *(.sframe.*)

.gcc_except_table
 *(.gcc_except_table .gcc_except_table.*)

.gnu_extab
 *(.gnu_extab*)

.exception_ranges
 *(.exception_ranges*)
                0xc000aff4                        . = DATA_SEGMENT_ALIGN (CONSTANT (MAXPAGESIZE), CONSTANT (COMMONPAGESIZE))

.eh_frame
 *(.eh_frame)
 *(.eh_frame.*)

.sframe
 *(.sframe)
 *(.sframe.*)

.gnu_extab
 *(.gnu_extab)

.gcc_except_table
 *(.gcc_except_table .gcc_except_table.*)

.exception_ranges
 *(.exception_ranges*)

.tdata          0xc000aff4        0x0
                [!provide]                        PROVIDE (__tdata_start = .)
 *(.tdata .tdata.* .gnu.linkonce.td.*)

.tbss
 *(.tbss .tbss.* .gnu.linkonce.tb.*)
 *(.tcommon)

.preinit_array  0xc000aff4        0x0
                [!provide]                        PROVIDE (__preinit_array_start = .)
 *(.preinit_array)
                [!provide]                        PROVIDE (__preinit_array_end = .)

.init_array     0xc000aff4        0x0
                [!provide]                        PROVIDE (__init_array_start = .)
 *(SORT_BY_INIT_PRIORITY(.init_array.*) SORT_BY_INIT_PRIORITY(.ctors.*))
 *(.init_array EXCLUDE_FILE(*crtend?.o *crtend.o *crtbegin?.o *crtbegin.o) .ctors)
                [!provide]                        PROVIDE (__init_array_end = .)

.fini_array     0xc000aff4        0x0
                [!provide]                        PROVIDE (__fini_array_start = .)
 *(SORT_BY_INIT_PRIORITY(.fini_array.*) SORT_BY_INIT_PRIORITY(.dtors.*))
 *(.fini_array EXCLUDE_FILE(*crtend?.o *crtend.o *crtbegin?.o *crtbegin.o) .dtors)
                [!provide]                        PROVIDE (__fini_array_end = .)

.ctors
 *crtbegin.o(.ctors)
 *crtbegin?.o(.ctors)
 *(EXCLUDE_FILE(*crtend?.o *crtend.o) .ctors)
 *(SORT_BY_NAME(.ctors.*))
 *(.ctors)

.dtors
 *crtbegin.o(.dtors)
 *crtbegin?.o(.dtors)
 *(EXCLUDE_FILE(*crtend?.o *crtend.o) .dtors)
 *(SORT_BY_NAME(.dtors.*))
 *(.dtors)

.jcr
 *(.jcr)

.data.rel.ro
 *(.data.rel.ro.local* .gnu.linkonce.d.rel.ro.local.*)
 *(.data.rel.ro .data.rel.ro.* .gnu.linkonce.d.rel.ro.*)

.dynamic
 *(.dynamic)

.got            0xc000aff4        0x0
 *(.got)
 .got           0xc000aff4        0x0 build/main.o
 *(.igot)
                0xc000aff4                        . = DATA_SEGMENT_RELRO_END (., (SIZEOF (.got.plt) >= 0xc)?0xc:0x0)

.got.plt        0xc000aff4        0xc
 *(.got.plt)
 .got.plt       0xc000aff4        0xc build/main.o
                0xc000aff4                _GLOBAL_OFFSET_TABLE_
 *(.igot.plt)
 .igot.plt      0xc000b000        0x0 build/main.o

.data           0xc000b000      0x296
 *(.data .data.* .gnu.linkonce.d.*)
 .data          0xc000b000        0x0 build/main.o
 .data          0xc000b000        0x0 build/init.o
 .data          0xc000b000        0x0 build/interrupt.o
 .data          0xc000b000        0x0 build/timer.o
 .data          0xc000b000      0x200 build/kernel.o
                0xc000b000                intr_entry_table
 .data          0xc000b200        0x8 build/print.o
 .data          0xc000b208        0x0 build/debug.o
 .data          0xc000b208        0x0 build/string.o
 .data          0xc000b208        0x0 build/memory.o
 .data          0xc000b208        0x0 build/bitmap.o
 .data          0xc000b208        0x0 build/thread.o
 .data          0xc000b208        0x0 build/list.o
 .data          0xc000b208        0x0 build/sync.o
 .data          0xc000b208        0x0 build/console.o
 *fill*         0xc000b208       0x18 
 .data          0xc000b220       0x76 build/keyboard.o
                0xc000b220                keymap
 .data          0xc000b296        0x0 build/ioqueue.o
 .data          0xc000b296        0x0 build/tss.o
 .data          0xc000b296        0x0 build/process.o
 .data          0xc000b296        0x0 build/syscall-init.o
 .data          0xc000b296        0x0 build/syscall.o
 .data          0xc000b296        0x0 build/stdio.o
 .data          0xc000b296        0x0 build/stdio-kernel.o
 .data          0xc000b296        0x0 build/ide.o

.data1
 *(.data1)
                0xc000b296                        _edata = .
                [!provide]                        PROVIDE (edata = .)
                0xc000b298                        . = ALIGN (ALIGNOF (NEXT_SECTION))
                0xc000b2a0                        __bss_start = .

.bss            0xc000b2a0     0x1860
 *(.dynbss)
 *(.bss .bss.* .gnu.linkonce.b.*)
 .bss           0xc000b2a0        0x0 build/main.o
 .bss           0xc000b2a0        0x0 build/init.o
 .bss           0xc000b2a0      0x848 build/interrupt.o
                0xc000b2a0                intr_name
                0xc000b4c0                idt_table
 .bss           0xc000bae8        0x4 build/timer.o
                0xc000bae8                ticks
 .bss           0xc000baec        0x0 build/debug.o
 .bss           0xc000baec        0x0 build/string.o
 *fill*         0xc000baec       0x14 
 .bss           0xc000bb00      0x138 build/memory.o
                0xc000bb00                k_block_desc
                0xc000bbc0                kernel_pool
                0xc000bc00                user_pool
                0xc000bc2c                kernel_vaddr
 .bss           0xc000bc38        0x0 build/bitmap.o
 .bss           0xc000bc38       0x4c build/thread.o
                0xc000bc38                idle_thread
                0xc000bc3c                main_trhead
                0xc000bc40                thread_ready_list
                0xc000bc50                thread_all_list
                0xc000bc60                pid_lock
 .bss           0xc000bc84        0x0 build/list.o
 .bss           0xc000bc84        0x0 build/sync.o
 .bss           0xc000bc84       0x1c build/console.o
 .bss           0xc000bca0       0x80 build/keyboard.o
                0xc000bca0                ioqueue
 .bss           0xc000bd20        0x0 build/ioqueue.o
 .bss           0xc000bd20       0x6c build/tss.o
 .bss           0xc000bd8c        0x0 build/process.o
 *fill*         0xc000bd8c       0x14 
 .bss           0xc000bda0       0x80 build/syscall-init.o
                0xc000bda0                syscall_table
 .bss           0xc000be20        0x0 build/syscall.o
 .bss           0xc000be20        0x0 build/stdio.o
 .bss           0xc000be20        0x0 build/stdio-kernel.o
 .bss           0xc000be20      0xce0 build/ide.o
                0xc000be20                channel_cnt
                0xc000be40                channels
 *(COMMON)
                0xc000cb00                        . = ALIGN ((. != 0x0)?0x4:0x1)
                0xc000cb00                        . = ALIGN (0x4)
                0xc000cb00                        . = SEGMENT_START ("ldata-segment", .)
                0xc000cb00                        . = ALIGN (0x4)
                0xc000cb00                        _end = .
                [!provide]                        PROVIDE (end = .)
                0xc000cb00                        . = DATA_SEGMENT_END (.)

.stab
 *(.stab)

.stabstr
 *(.stabstr)

.stab.excl
 *(.stab.excl)

.stab.exclstr
 *(.stab.exclstr)

.stab.index
 *(.stab.index)

.stab.indexstr
 *(.stab.indexstr)

.comment        0x00000000       0x2b
 *(.comment)
 .comment       0x00000000       0x2b build/main.o
                                 0x2c (size before relaxing)
 .comment       0x0000002b       0x2c build/init.o
 .comment       0x0000002b       0x2c build/interrupt.o
 .comment       0x0000002b       0x2c build/timer.o
 .comment       0x0000002b       0x2c build/debug.o
 .comment       0x0000002b       0x2c build/string.o
 .comment       0x0000002b       0x2c build/memory.o
 .comment       0x0000002b       0x2c build/bitmap.o
 .comment       0x0000002b       0x2c build/thread.o
 .comment       0x0000002b       0x2c build/list.o
 .comment       0x0000002b       0x2c build/sync.o
 .comment       0x0000002b       0x2c build/console.o
 .comment       0x0000002b       0x2c build/keyboard.o
 .comment       0x0000002b       0x2c build/ioqueue.o
 .comment       0x0000002b       0x2c build/tss.o
 .comment       0x0000002b       0x2c build/process.o
 .comment       0x0000002b       0x2c build/syscall-init.o
 .comment       0x0000002b       0x2c build/syscall.o
 .comment       0x0000002b       0x2c build/stdio.o
 .comment       0x0000002b       0x2c build/stdio-kernel.o
 .comment       0x0000002b       0x2c build/ide.o

.gnu.build.attributes
 *(.gnu.build.attributes .gnu.build.attributes.*)

.debug
 *(.debug)

.line
 *(.line)

.debug_srcinfo
 *(.debug_srcinfo)

.debug_sfnames
 *(.debug_sfnames)

.debug_aranges
 *(.debug_aranges)

.debug_pubnames
 *(.debug_pubnames)

.debug_info
 *(.debug_info .gnu.linkonce.wi.*)

.debug_abbrev
 *(.debug_abbrev)

.debug_line
 *(.debug_line .debug_line.* .debug_line_end)

.debug_frame
 *(.debug_frame)

.debug_str
 *(.debug_str)

.debug_loc
 *(.debug_loc)

.debug_macinfo
 *(.debug_macinfo)

.debug_weaknames
 *(.debug_weaknames)

.debug_funcnames
 *(.debug_funcnames)

.debug_typenames
 *(.debug_typenames)

.debug_varnames
 *(.debug_varnames)

.debug_pubtypes
 *(.debug_pubtypes)

.debug_ranges
 *(.debug_ranges)

.debug_addr
 *(.debug_addr)

.debug_line_str
 *(.debug_line_str)

.debug_loclists
 *(.debug_loclists)

.debug_macro
 *(.debug_macro)

.debug_names
 *(.debug_names)

.debug_rnglists
 *(.debug_rnglists)

.debug_str_offsets
 *(.debug_str_offsets)

.debug_sup
 *(.debug_sup)

.gnu.attributes
 *(.gnu.attributes)

/DISCARD/
 *(.note.GNU-stack)
 *(.gnu_debuglink)
 *(.gnu.lto_*)
OUTPUT(build/kernel.bin elf32-i386)
