
Discarded input sections

 .group         0x00000000        0x8 build/main.o
 .note.GNU-stack
                0x00000000        0x0 build/main.o
 .group         0x00000000        0x8 build/init.o
 .text.__x86.get_pc_thunk.bx
                0x00000000        0x4 build/init.o
 .note.GNU-stack
                0x00000000        0x0 build/init.o
 .group         0x00000000        0x8 build/interrupt.o
 .group         0x00000000        0x8 build/interrupt.o
 .text.__x86.get_pc_thunk.bx
                0x00000000        0x4 build/interrupt.o
 .note.GNU-stack
                0x00000000        0x0 build/interrupt.o
 .group         0x00000000        0x8 build/timer.o
 .group         0x00000000        0x8 build/timer.o
 .group         0x00000000        0x8 build/timer.o
 .text.__x86.get_pc_thunk.ax
                0x00000000        0x4 build/timer.o
 .text.__x86.get_pc_thunk.bx
                0x00000000        0x4 build/timer.o
 .note.GNU-stack
                0x00000000        0x0 build/timer.o
 .group         0x00000000        0x8 build/debug.o
 .text.__x86.get_pc_thunk.bx
                0x00000000        0x4 build/debug.o
 .note.GNU-stack
                0x00000000        0x0 build/debug.o
 .group         0x00000000        0x8 build/string.o
 .text.__x86.get_pc_thunk.ax
                0x00000000        0x4 build/string.o
 .note.GNU-stack
                0x00000000        0x0 build/string.o
 .group         0x00000000        0x8 build/memory.o
 .group         0x00000000        0x8 build/memory.o
 .text.__x86.get_pc_thunk.ax
                0x00000000        0x4 build/memory.o
 .text.__x86.get_pc_thunk.bx
                0x00000000        0x4 build/memory.o
 .note.GNU-stack
                0x00000000        0x0 build/memory.o
 .group         0x00000000        0x8 build/bitmap.o
 .text.__x86.get_pc_thunk.ax
                0x00000000        0x4 build/bitmap.o
 .note.GNU-stack
                0x00000000        0x0 build/bitmap.o
 .group         0x00000000        0x8 build/thread.o
 .group         0x00000000        0x8 build/thread.o
 .group         0x00000000        0x8 build/thread.o
 .text.__x86.get_pc_thunk.ax
                0x00000000        0x4 build/thread.o
 .text.__x86.get_pc_thunk.bx
                0x00000000        0x4 build/thread.o
 .note.GNU-stack
                0x00000000        0x0 build/thread.o
 .group         0x00000000        0x8 build/list.o
 .group         0x00000000        0x8 build/list.o
 .text.__x86.get_pc_thunk.ax
                0x00000000        0x4 build/list.o
 .text.__x86.get_pc_thunk.bx
                0x00000000        0x4 build/list.o
 .note.GNU-stack
                0x00000000        0x0 build/list.o
 .group         0x00000000        0x8 build/sync.o
 .group         0x00000000        0x8 build/sync.o
 .text.__x86.get_pc_thunk.ax
                0x00000000        0x4 build/sync.o
 .text.__x86.get_pc_thunk.bx
                0x00000000        0x4 build/sync.o
 .note.GNU-stack
                0x00000000        0x0 build/sync.o
 .group         0x00000000        0x8 build/console.o
 .group         0x00000000        0x8 build/console.o
 .text.__x86.get_pc_thunk.ax
                0x00000000        0x4 build/console.o
 .text.__x86.get_pc_thunk.bx
                0x00000000        0x4 build/console.o
 .note.GNU-stack
                0x00000000        0x0 build/console.o
 .group         0x00000000        0x8 build/keyboard.o
 .group         0x00000000        0x8 build/keyboard.o
 .text.__x86.get_pc_thunk.ax
                0x00000000        0x4 build/keyboard.o
 .text.__x86.get_pc_thunk.bx
                0x00000000        0x4 build/keyboard.o
 .note.GNU-stack
                0x00000000        0x0 build/keyboard.o
 .group         0x00000000        0x8 build/ioqueue.o
 .group         0x00000000        0x8 build/ioqueue.o
 .text.__x86.get_pc_thunk.ax
                0x00000000        0x4 build/ioqueue.o
 .text.__x86.get_pc_thunk.bx
                0x00000000        0x4 build/ioqueue.o
 .note.GNU-stack
                0x00000000        0x0 build/ioqueue.o
 .group         0x00000000        0x8 build/tss.o
 .group         0x00000000        0x8 build/tss.o
 .text.__x86.get_pc_thunk.ax
                0x00000000        0x4 build/tss.o
 .text.__x86.get_pc_thunk.bx
                0x00000000        0x4 build/tss.o
 .note.GNU-stack
                0x00000000        0x0 build/tss.o
 .group         0x00000000        0x8 build/process.o
 .group         0x00000000        0x8 build/process.o
 .text.__x86.get_pc_thunk.ax
                0x00000000        0x4 build/process.o
 .text.__x86.get_pc_thunk.bx
                0x00000000        0x4 build/process.o
 .note.GNU-stack
                0x00000000        0x0 build/process.o
 .group         0x00000000        0x8 build/syscall-init.o
 .group         0x00000000        0x8 build/syscall-init.o
 .text.__x86.get_pc_thunk.ax
                0x00000000        0x4 build/syscall-init.o
 .text.__x86.get_pc_thunk.bx
                0x00000000        0x4 build/syscall-init.o
 .note.GNU-stack
                0x00000000        0x0 build/syscall-init.o
 .group         0x00000000        0x8 build/syscall.o
 .text.__x86.get_pc_thunk.ax
                0x00000000        0x4 build/syscall.o
 .note.GNU-stack
                0x00000000        0x0 build/syscall.o
 .group         0x00000000        0x8 build/stdio.o
 .group         0x00000000        0x8 build/stdio.o
 .text.__x86.get_pc_thunk.ax
                0x00000000        0x4 build/stdio.o
 .text.__x86.get_pc_thunk.bx
                0x00000000        0x4 build/stdio.o
 .note.GNU-stack
                0x00000000        0x0 build/stdio.o
 .group         0x00000000        0x8 build/stdio-kernel.o
 .text.__x86.get_pc_thunk.bx
                0x00000000        0x4 build/stdio-kernel.o
 .note.GNU-stack
                0x00000000        0x0 build/stdio-kernel.o
 .group         0x00000000        0x8 build/ide.o
 .group         0x00000000        0x8 build/ide.o
 .text.__x86.get_pc_thunk.ax
                0x00000000        0x4 build/ide.o
 .text.__x86.get_pc_thunk.bx
                0x00000000        0x4 build/ide.o
 .note.GNU-stack
                0x00000000        0x0 build/ide.o
 .group         0x00000000        0x8 build/fs.o
 .text.__x86.get_pc_thunk.bx
                0x00000000        0x4 build/fs.o
 .note.GNU-stack
                0x00000000        0x0 build/fs.o

Memory Configuration

Name             Origin             Length             Attributes
*default*        0x00000000         0xffffffff

Linker script and memory map

Address of section .text set to 0xc0001500
LOAD build/main.o
LOAD build/init.o
LOAD build/interrupt.o
LOAD build/timer.o
LOAD build/kernel.o
LOAD build/print.o
LOAD build/switch.o
LOAD build/debug.o
LOAD build/string.o
LOAD build/memory.o
LOAD build/bitmap.o
LOAD build/thread.o
LOAD build/list.o
LOAD build/sync.o
LOAD build/console.o
LOAD build/keyboard.o
LOAD build/ioqueue.o
LOAD build/tss.o
LOAD build/process.o
LOAD build/syscall-init.o
LOAD build/syscall.o
LOAD build/stdio.o
LOAD build/stdio-kernel.o
LOAD build/ide.o
LOAD build/fs.o
                [!provide]                        PROVIDE (__executable_start = SEGMENT_START ("text-segment", 0x8048000))
                0x080480f4                        . = (SEGMENT_START ("text-segment", 0x8048000) + SIZEOF_HEADERS)

.interp
 *(.interp)

.note.gnu.build-id
 *(.note.gnu.build-id)

.hash
 *(.hash)

.gnu.hash
 *(.gnu.hash)

.dynsym
 *(.dynsym)

.dynstr
 *(.dynstr)

.gnu.version
 *(.gnu.version)

.gnu.version_d
 *(.gnu.version_d)

.gnu.version_r
 *(.gnu.version_r)

.rel.dyn        0x080480f4        0x0
 *(.rel.init)
 *(.rel.text .rel.text.* .rel.gnu.linkonce.t.*)
 *(.rel.fini)
 *(.rel.rodata .rel.rodata.* .rel.gnu.linkonce.r.*)
 *(.rel.data.rel.ro .rel.data.rel.ro.* .rel.gnu.linkonce.d.rel.ro.*)
 *(.rel.data .rel.data.* .rel.gnu.linkonce.d.*)
 *(.rel.tdata .rel.tdata.* .rel.gnu.linkonce.td.*)
 *(.rel.tbss .rel.tbss.* .rel.gnu.linkonce.tb.*)
 *(.rel.ctors)
 *(.rel.dtors)
 *(.rel.got)
 .rel.got       0x080480f4        0x0 build/main.o
 *(.rel.bss .rel.bss.* .rel.gnu.linkonce.b.*)
 *(.rel.ifunc)

.rel.plt        0x080480f4        0x0
 *(.rel.plt)
                [!provide]                        PROVIDE (__rel_iplt_start = .)
 *(.rel.iplt)
 .rel.iplt      0x080480f4        0x0 build/main.o
                [!provide]                        PROVIDE (__rel_iplt_end = .)

.relr.dyn
 *(.relr.dyn)
                0x08049000                        . = ALIGN (CONSTANT (MAXPAGESIZE))

.init
 *(SORT_NONE(.init))

.plt            0x08049000        0x0
 *(.plt)
 *(.iplt)
 .iplt          0x08049000        0x0 build/main.o

.plt.got
 *(.plt.got)

.plt.sec
 *(.plt.sec)

.text           0xc0001500     0x6bee
 *(.text.unlikely .text.*_unlikely .text.unlikely.*)
 *(.text.exit .text.exit.*)
 *(.text.startup .text.startup.*)
 *(.text.hot .text.hot.*)
 *(SORT_BY_NAME(.text.sorted.*))
 *(.text .stub .text.* .gnu.linkonce.t.*)
 .text          0xc0001500      0x213 build/main.o
                0xc0001500                main
                0xc0001639                test_thread1
                0xc00016a6                test_thread2
 .text.__x86.get_pc_thunk.bx
                0xc0001713        0x4 build/main.o
                0xc0001713                __x86.get_pc_thunk.bx
 .text          0xc0001717       0x5c build/init.o
                0xc0001717                init_all
 .text          0xc0001773      0x55b build/interrupt.o
                0xc0001b75                idt_init
                0xc0001be1                intr_get_intr
                0xc0001c08                intr_enable
                0xc0001c3b                intr_disable
                0xc0001c6e                intr_get_status
                0xc0001c82                intr_set_intr
                0xc0001ca7                register_handler
 .text.__x86.get_pc_thunk.ax
                0xc0001cce        0x4 build/interrupt.o
                0xc0001cce                __x86.get_pc_thunk.ax
 .text          0xc0001cd2      0x24e build/timer.o
                0xc0001e1f                timer_init
                0xc0001ebe                mtime_sleep
 .text.__x86.get_pc_thunk.cx
                0xc0001f20        0x4 build/timer.o
                0xc0001f20                __x86.get_pc_thunk.cx
 *fill*         0xc0001f24        0xc 
 .text          0xc0001f30      0xe21 build/kernel.o
                0xc0001f30                intr_exit
                0xc0001f3e                syscall_handler
 *fill*         0xc0002d51        0xf 
 .text          0xc0002d60      0x172 build/print.o
                0xc0002d60                put_str
                0xc0002d7e                put_int
                0xc0002de1                put_char
                0xc0002eae                set_cursor
 *fill*         0xc0002ed2        0xe 
 .text          0xc0002ee0       0x15 build/switch.o
                0xc0002ee0                switch_to
 .text          0xc0002ef5       0xf3 build/debug.o
                0xc0002ef5                panic_spin
 .text          0xc0002fe8      0x49c build/string.o
                0xc0002fe8                memset
                0xc0003050                memcpy
                0xc00030c6                memcmp
                0xc000315f                strcpy
                0xc00031ca                strlen
                0xc0003227                strcmp
                0xc00032b6                strchr
                0xc000331e                strrchr
                0xc0003392                strcat
                0xc0003412                strchrs
 .text          0xc0003484     0x128b build/memory.o
                0xc0003484                block_desc_init
                0xc0003658                pde_ptr
                0xc000367e                pte_ptr
                0xc000385c                malloc_page
                0xc0003935                get_kernel_pages
                0xc000397f                get_user_pages
                0xc00039ed                get_a_page
                0xc0003b74                addr_v2p
                0xc0003e03                mem_init
                0xc0003e69                pfree
                0xc0003fd3                mfree_page
                0xc00041fe                sys_malloc
                0xc0004529                sys_free
 .text          0xc000470f      0x28a build/bitmap.o
                0xc000470f                bitmap_init
                0xc0004742                bitmap_scan_test
                0xc000478b                bitmap_scan
                0xc00048d1                bitmap_set
 .text          0xc0004999      0x797 build/thread.o
                0xc00049bb                running_thread
                0xc0004a56                thread_create
                0xc0004ada                init_thread
                0xc0004b8e                thread_start
                0xc0004d23                schedule
                0xc0004e63                thread_init
                0xc0004efa                thread_block
                0xc0004f72                thread_unblock
                0xc0005093                thread_yield
 .text.__x86.get_pc_thunk.dx
                0xc0005130        0x4 build/thread.o
                0xc0005130                __x86.get_pc_thunk.dx
 .text          0xc0005134      0x25f build/list.o
                0xc0005134                list_init
                0xc000516c                list_insert_before
                0xc00051c0                list_push
                0xc00051e8                list_append
                0xc0005210                list_remove
                0xc0005259                list_pop
                0xc0005285                elem_find
                0xc00052ca                list_traversal
                0xc0005331                list_len
                0xc0005370                list_empty
 .text          0xc0005393      0x38f build/sync.o
                0xc0005393                sema_init
                0xc00053cd                lock_init
                0xc0005407                sema_down
                0xc0005523                sema_up
                0xc00055ed                lock_acquire
                0xc0005673                lock_release
 .text          0xc0005722      0x119 build/console.o
                0xc0005722                console_init
                0xc000574d                console_acquire
                0xc0005778                console_release
                0xc00057a3                console_put_str
                0xc00057d3                console_put_char
                0xc000580b                console_put_int
 .text          0xc000583b      0x317 build/keyboard.o
                0xc0005af0                keyboard_init
 .text          0xc0005b52      0x380 build/ioqueue.o
                0xc0005b52                ioqueue_init
                0xc0005bcc                ioq_full
                0xc0005c2d                ioq_empty
                0xc0005d37                ioq_getchar
                0xc0005e03                ioq_putchar
 .text          0xc0005ed2      0x1b1 build/tss.o
                0xc0005ed2                update_tss_esp
                0xc0005f63                tss_init
 .text          0xc0006083      0x3d3 build/process.o
                0xc0006083                start_process
                0xc000618c                page_dir_activate
                0xc00061d1                process_activate
                0xc0006234                create_page_dir
                0xc00062bd                create_user_addr_bitmap
                0xc0006316                process_execute
 .text          0xc0006456       0xbf build/syscall-init.o
                0xc0006456                sys_getpid
                0xc0006476                sys_write
                0xc00064a9                syscall_init
 .text          0xc0006515       0x95 build/syscall.o
                0xc0006515                getpid
                0xc0006534                write
                0xc000655c                malloc
                0xc0006584                free
 .text          0xc00065aa      0x2cf build/stdio.o
                0xc000663b                vsprintf
                0xc00067c9                printf
                0xc0006832                sprintf
 .text          0xc0006879       0x6a build/stdio-kernel.o
                0xc0006879                printk
 .text          0xc00068e3      0xf7f build/ide.o
                0xc0006c67                ide_read
                0xc0006dfc                ide_write
                0xc0007553                intr_hd_handler
                0xc000762b                ide_init
 .text          0xc0007862      0x88c build/fs.o
                0xc0007a94                partition_format
                0xc0007f0c                filesys_init
 *(.gnu.warning)

.fini
 *(SORT_NONE(.fini))
                [!provide]                        PROVIDE (__etext = .)
                [!provide]                        PROVIDE (_etext = .)
                [!provide]                        PROVIDE (etext = .)
                0xc0009000                        . = ALIGN (CONSTANT (MAXPAGESIZE))
                0xc0009000                        . = SEGMENT_START ("rodata-segment", (ALIGN (CONSTANT (MAXPAGESIZE)) + (. & (CONSTANT (MAXPAGESIZE) - 0x1))))

.rodata         0xc0009000     0x13b5
 *(.rodata .rodata.* .gnu.linkonce.r.*)
 .rodata        0xc0009000       0x3c build/main.o
 .rodata        0xc000903c        0xa build/init.o
 *fill*         0xc0009046        0x2 
 .rodata        0xc0009048      0x2c1 build/interrupt.o
 *fill*         0xc0009309        0x3 
 .rodata        0xc000930c       0x8c build/timer.o
 .rodata        0xc0009398       0x80 build/debug.o
 .rodata        0xc0009418       0xe0 build/string.o
 .rodata        0xc00094f8      0x445 build/memory.o
 *fill*         0xc000993d        0x3 
 .rodata        0xc0009940       0x6b build/bitmap.o
 *fill*         0xc00099ab        0x1 
 .rodata        0xc00099ac      0x2ad build/thread.o
 *fill*         0xc0009c59        0x3 
 .rodata        0xc0009c5c      0x135 build/sync.o
 .rodata        0xc0009d91       0x36 build/keyboard.o
 *fill*         0xc0009dc7        0x1 
 .rodata        0xc0009dc8       0xa8 build/ioqueue.o
 .rodata        0xc0009e70       0x27 build/tss.o
 *fill*         0xc0009e97        0x1 
 .rodata        0xc0009e98       0xd8 build/process.o
 .rodata        0xc0009f70       0x27 build/syscall-init.o
 *fill*         0xc0009f97        0x1 
 .rodata        0xc0009f98      0x1f1 build/ide.o
 *fill*         0xc000a189        0x3 
 .rodata        0xc000a18c      0x229 build/fs.o

.rodata1
 *(.rodata1)

.eh_frame_hdr
 *(.eh_frame_hdr)
 *(.eh_frame_entry .eh_frame_entry.*)

.eh_frame       0xc000a3b8     0x14a4
 *(.eh_frame)
 .eh_frame      0xc000a3b8       0x90 build/main.o
 .eh_frame      0xc000a448       0x24 build/init.o
                                 0x50 (size before relaxing)
 .eh_frame      0xc000a46c      0x1c4 build/interrupt.o
                                0x1f0 (size before relaxing)
 .eh_frame      0xc000a630       0xf0 build/timer.o
                                0x130 (size before relaxing)
 .eh_frame      0xc000a720       0x1c build/debug.o
                                 0x48 (size before relaxing)
 .eh_frame      0xc000a73c      0x168 build/string.o
                                0x194 (size before relaxing)
 .eh_frame      0xc000a8a4      0x2dc build/memory.o
                                0x31c (size before relaxing)
 .eh_frame      0xc000ab80       0x90 build/bitmap.o
                                 0xbc (size before relaxing)
 .eh_frame      0xc000ac10      0x1d8 build/thread.o
                                0x218 (size before relaxing)
 .eh_frame      0xc000ade8      0x148 build/list.o
                                0x188 (size before relaxing)
 .eh_frame      0xc000af30       0xdc build/sync.o
                                0x11c (size before relaxing)
 .eh_frame      0xc000b00c       0xd8 build/console.o
                                0x118 (size before relaxing)
 .eh_frame      0xc000b0e4       0x68 build/keyboard.o
                                 0xa8 (size before relaxing)
 .eh_frame      0xc000b14c      0x11c build/ioqueue.o
                                0x15c (size before relaxing)
 .eh_frame      0xc000b268       0x6c build/tss.o
                                 0xac (size before relaxing)
 .eh_frame      0xc000b2d4       0xd8 build/process.o
                                0x118 (size before relaxing)
 .eh_frame      0xc000b3ac       0x6c build/syscall-init.o
                                 0xac (size before relaxing)
 .eh_frame      0xc000b418       0x8c build/syscall.o
                                 0xb8 (size before relaxing)
 .eh_frame      0xc000b4a4       0x94 build/stdio.o
                                 0xd4 (size before relaxing)
 .eh_frame      0xc000b538       0x28 build/stdio-kernel.o
                                 0x54 (size before relaxing)
 .eh_frame      0xc000b560      0x27c build/ide.o
                                0x2bc (size before relaxing)
 .eh_frame      0xc000b7dc       0x80 build/fs.o
                                 0xac (size before relaxing)
 *(.eh_frame.*)

.sframe
 *(.sframe)
 *(.sframe.*)

.gcc_except_table
 *(.gcc_except_table .gcc_except_table.*)

.gnu_extab
 *(.gnu_extab*)

.exception_ranges
 *(.exception_ranges*)
                0xc000cff4                        . = DATA_SEGMENT_ALIGN (CONSTANT (MAXPAGESIZE), CONSTANT (COMMONPAGESIZE))

.eh_frame
 *(.eh_frame)
 *(.eh_frame.*)

.sframe
 *(.sframe)
 *(.sframe.*)

.gnu_extab
 *(.gnu_extab)

.gcc_except_table
 *(.gcc_except_table .gcc_except_table.*)

.exception_ranges
 *(.exception_ranges*)

.tdata          0xc000cff4        0x0
                [!provide]                        PROVIDE (__tdata_start = .)
 *(.tdata .tdata.* .gnu.linkonce.td.*)

.tbss
 *(.tbss .tbss.* .gnu.linkonce.tb.*)
 *(.tcommon)

.preinit_array  0xc000cff4        0x0
                [!provide]                        PROVIDE (__preinit_array_start = .)
 *(.preinit_array)
                [!provide]                        PROVIDE (__preinit_array_end = .)

.init_array     0xc000cff4        0x0
                [!provide]                        PROVIDE (__init_array_start = .)
 *(SORT_BY_INIT_PRIORITY(.init_array.*) SORT_BY_INIT_PRIORITY(.ctors.*))
 *(.init_array EXCLUDE_FILE(*crtend?.o *crtend.o *crtbegin?.o *crtbegin.o) .ctors)
                [!provide]                        PROVIDE (__init_array_end = .)

.fini_array     0xc000cff4        0x0
                [!provide]                        PROVIDE (__fini_array_start = .)
 *(SORT_BY_INIT_PRIORITY(.fini_array.*) SORT_BY_INIT_PRIORITY(.dtors.*))
 *(.fini_array EXCLUDE_FILE(*crtend?.o *crtend.o *crtbegin?.o *crtbegin.o) .dtors)
                [!provide]                        PROVIDE (__fini_array_end = .)

.ctors
 *crtbegin.o(.ctors)
 *crtbegin?.o(.ctors)
 *(EXCLUDE_FILE(*crtend?.o *crtend.o) .ctors)
 *(SORT_BY_NAME(.ctors.*))
 *(.ctors)

.dtors
 *crtbegin.o(.dtors)
 *crtbegin?.o(.dtors)
 *(EXCLUDE_FILE(*crtend?.o *crtend.o) .dtors)
 *(SORT_BY_NAME(.dtors.*))
 *(.dtors)

.jcr
 *(.jcr)

.data.rel.ro
 *(.data.rel.ro.local* .gnu.linkonce.d.rel.ro.local.*)
 *(.data.rel.ro .data.rel.ro.* .gnu.linkonce.d.rel.ro.*)

.dynamic
 *(.dynamic)

.got            0xc000cff4        0x0
 *(.got)
 .got           0xc000cff4        0x0 build/main.o
 *(.igot)
                0xc000cff4                        . = DATA_SEGMENT_RELRO_END (., (SIZEOF (.got.plt) >= 0xc)?0xc:0x0)

.got.plt        0xc000cff4        0xc
 *(.got.plt)
 .got.plt       0xc000cff4        0xc build/main.o
                0xc000cff4                _GLOBAL_OFFSET_TABLE_
 *(.igot.plt)
 .igot.plt      0xc000d000        0x0 build/main.o

.data           0xc000d000      0x296
 *(.data .data.* .gnu.linkonce.d.*)
 .data          0xc000d000        0x0 build/main.o
 .data          0xc000d000        0x0 build/init.o
 .data          0xc000d000        0x0 build/interrupt.o
 .data          0xc000d000        0x0 build/timer.o
 .data          0xc000d000      0x200 build/kernel.o
                0xc000d000                intr_entry_table
 .data          0xc000d200        0x8 build/print.o
 .data          0xc000d208        0x0 build/debug.o
 .data          0xc000d208        0x0 build/string.o
 .data          0xc000d208        0x0 build/memory.o
 .data          0xc000d208        0x0 build/bitmap.o
 .data          0xc000d208        0x0 build/thread.o
 .data          0xc000d208        0x0 build/list.o
 .data          0xc000d208        0x0 build/sync.o
 .data          0xc000d208        0x0 build/console.o
 *fill*         0xc000d208       0x18 
 .data          0xc000d220       0x76 build/keyboard.o
                0xc000d220                keymap
 .data          0xc000d296        0x0 build/ioqueue.o
 .data          0xc000d296        0x0 build/tss.o
 .data          0xc000d296        0x0 build/process.o
 .data          0xc000d296        0x0 build/syscall-init.o
 .data          0xc000d296        0x0 build/syscall.o
 .data          0xc000d296        0x0 build/stdio.o
 .data          0xc000d296        0x0 build/stdio-kernel.o
 .data          0xc000d296        0x0 build/ide.o
 .data          0xc000d296        0x0 build/fs.o

.data1
 *(.data1)
                0xc000d296                        _edata = .
                [!provide]                        PROVIDE (edata = .)
                0xc000d298                        . = ALIGN (ALIGNOF (NEXT_SECTION))
                0xc000d2a0                        __bss_start = .

.bss            0xc000d2a0     0x187c
 *(.dynbss)
 *(.bss .bss.* .gnu.linkonce.b.*)
 .bss           0xc000d2a0        0x0 build/main.o
 .bss           0xc000d2a0        0x0 build/init.o
 .bss           0xc000d2a0      0x848 build/interrupt.o
                0xc000d2a0                intr_name
                0xc000d4c0                idt_table
 .bss           0xc000dae8        0x4 build/timer.o
                0xc000dae8                ticks
 .bss           0xc000daec        0x0 build/debug.o
 .bss           0xc000daec        0x0 build/string.o
 *fill*         0xc000daec       0x14 
 .bss           0xc000db00      0x138 build/memory.o
                0xc000db00                k_block_desc
                0xc000dbc0                kernel_pool
                0xc000dc00                user_pool
                0xc000dc2c                kernel_vaddr
 .bss           0xc000dc38        0x0 build/bitmap.o
 .bss           0xc000dc38       0x4c build/thread.o
                0xc000dc38                idle_thread
                0xc000dc3c                main_trhead
                0xc000dc40                thread_ready_list
                0xc000dc50                thread_all_list
                0xc000dc60                pid_lock
 .bss           0xc000dc84        0x0 build/list.o
 .bss           0xc000dc84        0x0 build/sync.o
 .bss           0xc000dc84       0x1c build/console.o
 .bss           0xc000dca0       0x80 build/keyboard.o
                0xc000dca0                ioqueue
 .bss           0xc000dd20        0x0 build/ioqueue.o
 .bss           0xc000dd20       0x6c build/tss.o
 .bss           0xc000dd8c        0x0 build/process.o
 *fill*         0xc000dd8c       0x14 
 .bss           0xc000dda0       0x80 build/syscall-init.o
                0xc000dda0                syscall_table
 .bss           0xc000de20        0x0 build/syscall.o
 .bss           0xc000de20        0x0 build/stdio.o
 .bss           0xc000de20        0x0 build/stdio-kernel.o
 .bss           0xc000de20      0xcf8 build/ide.o
                0xc000de20                channel_cnt
                0xc000de40                channels
                0xc000eb00                ext_lba_base
                0xc000eb04                p_no
                0xc000eb05                l_no
                0xc000eb08                partition_list
 .bss           0xc000eb18        0x4 build/fs.o
                0xc000eb18                cur_part
 *(COMMON)
                0xc000eb1c                        . = ALIGN ((. != 0x0)?0x4:0x1)
                0xc000eb1c                        . = ALIGN (0x4)
                0xc000eb1c                        . = SEGMENT_START ("ldata-segment", .)
                0xc000eb1c                        . = ALIGN (0x4)
                0xc000eb1c                        _end = .
                [!provide]                        PROVIDE (end = .)
                0xc000eb1c                        . = DATA_SEGMENT_END (.)

.stab
 *(.stab)

.stabstr
 *(.stabstr)

.stab.excl
 *(.stab.excl)

.stab.exclstr
 *(.stab.exclstr)

.stab.index
 *(.stab.index)

.stab.indexstr
 *(.stab.indexstr)

.comment        0x00000000       0x2b
 *(.comment)
 .comment       0x00000000       0x2b build/main.o
                                 0x2c (size before relaxing)
 .comment       0x0000002b       0x2c build/init.o
 .comment       0x0000002b       0x2c build/interrupt.o
 .comment       0x0000002b       0x2c build/timer.o
 .comment       0x0000002b       0x2c build/debug.o
 .comment       0x0000002b       0x2c build/string.o
 .comment       0x0000002b       0x2c build/memory.o
 .comment       0x0000002b       0x2c build/bitmap.o
 .comment       0x0000002b       0x2c build/thread.o
 .comment       0x0000002b       0x2c build/list.o
 .comment       0x0000002b       0x2c build/sync.o
 .comment       0x0000002b       0x2c build/console.o
 .comment       0x0000002b       0x2c build/keyboard.o
 .comment       0x0000002b       0x2c build/ioqueue.o
 .comment       0x0000002b       0x2c build/tss.o
 .comment       0x0000002b       0x2c build/process.o
 .comment       0x0000002b       0x2c build/syscall-init.o
 .comment       0x0000002b       0x2c build/syscall.o
 .comment       0x0000002b       0x2c build/stdio.o
 .comment       0x0000002b       0x2c build/stdio-kernel.o
 .comment       0x0000002b       0x2c build/ide.o
 .comment       0x0000002b       0x2c build/fs.o

.gnu.build.attributes
 *(.gnu.build.attributes .gnu.build.attributes.*)

.debug
 *(.debug)

.line
 *(.line)

.debug_srcinfo
 *(.debug_srcinfo)

.debug_sfnames
 *(.debug_sfnames)

.debug_aranges
 *(.debug_aranges)

.debug_pubnames
 *(.debug_pubnames)

.debug_info
 *(.debug_info .gnu.linkonce.wi.*)

.debug_abbrev
 *(.debug_abbrev)

.debug_line
 *(.debug_line .debug_line.* .debug_line_end)

.debug_frame
 *(.debug_frame)

.debug_str
 *(.debug_str)

.debug_loc
 *(.debug_loc)

.debug_macinfo
 *(.debug_macinfo)

.debug_weaknames
 *(.debug_weaknames)

.debug_funcnames
 *(.debug_funcnames)

.debug_typenames
 *(.debug_typenames)

.debug_varnames
 *(.debug_varnames)

.debug_pubtypes
 *(.debug_pubtypes)

.debug_ranges
 *(.debug_ranges)

.debug_addr
 *(.debug_addr)

.debug_line_str
 *(.debug_line_str)

.debug_loclists
 *(.debug_loclists)

.debug_macro
 *(.debug_macro)

.debug_names
 *(.debug_names)

.debug_rnglists
 *(.debug_rnglists)

.debug_str_offsets
 *(.debug_str_offsets)

.debug_sup
 *(.debug_sup)

.gnu.attributes
 *(.gnu.attributes)

/DISCARD/
 *(.note.GNU-stack)
 *(.gnu_debuglink)
 *(.gnu.lto_*)
OUTPUT(build/kernel.bin elf32-i386)
