
Discarded input sections

 .group         0x00000000        0x8 build/main.o
 .note.GNU-stack
                0x00000000        0x0 build/main.o
 .group         0x00000000        0x8 build/init.o
 .text.__x86.get_pc_thunk.bx
                0x00000000        0x4 build/init.o
 .note.GNU-stack
                0x00000000        0x0 build/init.o
 .group         0x00000000        0x8 build/interrupt.o
 .group         0x00000000        0x8 build/interrupt.o
 .text.__x86.get_pc_thunk.bx
                0x00000000        0x4 build/interrupt.o
 .note.GNU-stack
                0x00000000        0x0 build/interrupt.o
 .group         0x00000000        0x8 build/timer.o
 .group         0x00000000        0x8 build/timer.o
 .group         0x00000000        0x8 build/timer.o
 .text.__x86.get_pc_thunk.ax
                0x00000000        0x4 build/timer.o
 .text.__x86.get_pc_thunk.bx
                0x00000000        0x4 build/timer.o
 .note.GNU-stack
                0x00000000        0x0 build/timer.o
 .group         0x00000000        0x8 build/debug.o
 .text.__x86.get_pc_thunk.bx
                0x00000000        0x4 build/debug.o
 .note.GNU-stack
                0x00000000        0x0 build/debug.o
 .group         0x00000000        0x8 build/string.o
 .text.__x86.get_pc_thunk.ax
                0x00000000        0x4 build/string.o
 .note.GNU-stack
                0x00000000        0x0 build/string.o
 .group         0x00000000        0x8 build/bitmap.o
 .text.__x86.get_pc_thunk.ax
                0x00000000        0x4 build/bitmap.o
 .note.GNU-stack
                0x00000000        0x0 build/bitmap.o
 .group         0x00000000        0x8 build/memory.o
 .group         0x00000000        0x8 build/memory.o
 .text.__x86.get_pc_thunk.ax
                0x00000000        0x4 build/memory.o
 .text.__x86.get_pc_thunk.bx
                0x00000000        0x4 build/memory.o
 .note.GNU-stack
                0x00000000        0x0 build/memory.o
 .group         0x00000000        0x8 build/thread.o
 .group         0x00000000        0x8 build/thread.o
 .group         0x00000000        0x8 build/thread.o
 .text.__x86.get_pc_thunk.ax
                0x00000000        0x4 build/thread.o
 .text.__x86.get_pc_thunk.bx
                0x00000000        0x4 build/thread.o
 .note.GNU-stack
                0x00000000        0x0 build/thread.o
 .group         0x00000000        0x8 build/list.o
 .group         0x00000000        0x8 build/list.o
 .text.__x86.get_pc_thunk.ax
                0x00000000        0x4 build/list.o
 .text.__x86.get_pc_thunk.bx
                0x00000000        0x4 build/list.o
 .note.GNU-stack
                0x00000000        0x0 build/list.o
 .group         0x00000000        0x8 build/sync.o
 .group         0x00000000        0x8 build/sync.o
 .text.__x86.get_pc_thunk.ax
                0x00000000        0x4 build/sync.o
 .text.__x86.get_pc_thunk.bx
                0x00000000        0x4 build/sync.o
 .note.GNU-stack
                0x00000000        0x0 build/sync.o
 .group         0x00000000        0x8 build/console.o
 .group         0x00000000        0x8 build/console.o
 .text.__x86.get_pc_thunk.ax
                0x00000000        0x4 build/console.o
 .text.__x86.get_pc_thunk.bx
                0x00000000        0x4 build/console.o
 .note.GNU-stack
                0x00000000        0x0 build/console.o
 .group         0x00000000        0x8 build/keyboard.o
 .group         0x00000000        0x8 build/keyboard.o
 .text.__x86.get_pc_thunk.ax
                0x00000000        0x4 build/keyboard.o
 .text.__x86.get_pc_thunk.bx
                0x00000000        0x4 build/keyboard.o
 .note.GNU-stack
                0x00000000        0x0 build/keyboard.o
 .group         0x00000000        0x8 build/ioqueue.o
 .group         0x00000000        0x8 build/ioqueue.o
 .text.__x86.get_pc_thunk.ax
                0x00000000        0x4 build/ioqueue.o
 .text.__x86.get_pc_thunk.bx
                0x00000000        0x4 build/ioqueue.o
 .note.GNU-stack
                0x00000000        0x0 build/ioqueue.o
 .group         0x00000000        0x8 build/tss.o
 .group         0x00000000        0x8 build/tss.o
 .text.__x86.get_pc_thunk.ax
                0x00000000        0x4 build/tss.o
 .text.__x86.get_pc_thunk.bx
                0x00000000        0x4 build/tss.o
 .note.GNU-stack
                0x00000000        0x0 build/tss.o
 .group         0x00000000        0x8 build/process.o
 .group         0x00000000        0x8 build/process.o
 .text.__x86.get_pc_thunk.ax
                0x00000000        0x4 build/process.o
 .text.__x86.get_pc_thunk.bx
                0x00000000        0x4 build/process.o
 .note.GNU-stack
                0x00000000        0x0 build/process.o
 .group         0x00000000        0x8 build/syscall.o
 .text.__x86.get_pc_thunk.ax
                0x00000000        0x4 build/syscall.o
 .note.GNU-stack
                0x00000000        0x0 build/syscall.o
 .group         0x00000000        0x8 build/syscall-init.o
 .group         0x00000000        0x8 build/syscall-init.o
 .text.__x86.get_pc_thunk.ax
                0x00000000        0x4 build/syscall-init.o
 .text.__x86.get_pc_thunk.bx
                0x00000000        0x4 build/syscall-init.o
 .note.GNU-stack
                0x00000000        0x0 build/syscall-init.o
 .group         0x00000000        0x8 build/stdio.o
 .group         0x00000000        0x8 build/stdio.o
 .text.__x86.get_pc_thunk.ax
                0x00000000        0x4 build/stdio.o
 .text.__x86.get_pc_thunk.bx
                0x00000000        0x4 build/stdio.o
 .note.GNU-stack
                0x00000000        0x0 build/stdio.o
 .group         0x00000000        0x8 build/stdio-kernel.o
 .text.__x86.get_pc_thunk.bx
                0x00000000        0x4 build/stdio-kernel.o
 .note.GNU-stack
                0x00000000        0x0 build/stdio-kernel.o
 .group         0x00000000        0x8 build/ide.o
 .group         0x00000000        0x8 build/ide.o
 .text.__x86.get_pc_thunk.ax
                0x00000000        0x4 build/ide.o
 .text.__x86.get_pc_thunk.bx
                0x00000000        0x4 build/ide.o
 .note.GNU-stack
                0x00000000        0x0 build/ide.o
 .group         0x00000000        0x8 build/fs.o
 .group         0x00000000        0x8 build/fs.o
 .text.__x86.get_pc_thunk.ax
                0x00000000        0x4 build/fs.o
 .text.__x86.get_pc_thunk.bx
                0x00000000        0x4 build/fs.o
 .note.GNU-stack
                0x00000000        0x0 build/fs.o
 .group         0x00000000        0x8 build/inode.o
 .group         0x00000000        0x8 build/inode.o
 .text.__x86.get_pc_thunk.ax
                0x00000000        0x4 build/inode.o
 .text.__x86.get_pc_thunk.bx
                0x00000000        0x4 build/inode.o
 .note.GNU-stack
                0x00000000        0x0 build/inode.o
 .group         0x00000000        0x8 build/file.o
 .group         0x00000000        0x8 build/file.o
 .group         0x00000000        0x8 build/file.o
 .text.__x86.get_pc_thunk.ax
                0x00000000        0x4 build/file.o
 .text.__x86.get_pc_thunk.dx
                0x00000000        0x4 build/file.o
 .text.__x86.get_pc_thunk.bx
                0x00000000        0x4 build/file.o
 .note.GNU-stack
                0x00000000        0x0 build/file.o
 .group         0x00000000        0x8 build/dir.o
 .group         0x00000000        0x8 build/dir.o
 .text.__x86.get_pc_thunk.ax
                0x00000000        0x4 build/dir.o
 .text.__x86.get_pc_thunk.bx
                0x00000000        0x4 build/dir.o
 .note.GNU-stack
                0x00000000        0x0 build/dir.o
 .group         0x00000000        0x8 build/fork.o
 .group         0x00000000        0x8 build/fork.o
 .text.__x86.get_pc_thunk.ax
                0x00000000        0x4 build/fork.o
 .text.__x86.get_pc_thunk.bx
                0x00000000        0x4 build/fork.o
 .note.GNU-stack
                0x00000000        0x0 build/fork.o
 .group         0x00000000        0x8 build/shell.o
 .group         0x00000000        0x8 build/shell.o
 .text.__x86.get_pc_thunk.ax
                0x00000000        0x4 build/shell.o
 .text.__x86.get_pc_thunk.bx
                0x00000000        0x4 build/shell.o
 .note.GNU-stack
                0x00000000        0x0 build/shell.o
 .group         0x00000000        0x8 build/buildin_cmd.o
 .group         0x00000000        0x8 build/buildin_cmd.o
 .text.__x86.get_pc_thunk.ax
                0x00000000        0x4 build/buildin_cmd.o
 .text.__x86.get_pc_thunk.bx
                0x00000000        0x4 build/buildin_cmd.o
 .note.GNU-stack
                0x00000000        0x0 build/buildin_cmd.o
 .group         0x00000000        0x8 build/exec.o
 .text.__x86.get_pc_thunk.bx
                0x00000000        0x4 build/exec.o
 .note.GNU-stack
                0x00000000        0x0 build/exec.o
 .group         0x00000000        0x8 build/assert.o
 .text.__x86.get_pc_thunk.ax
                0x00000000        0x4 build/assert.o
 .note.GNU-stack
                0x00000000        0x0 build/assert.o
 .group         0x00000000        0x8 build/wait_exit.o
 .group         0x00000000        0x8 build/wait_exit.o
 .text.__x86.get_pc_thunk.ax
                0x00000000        0x4 build/wait_exit.o
 .text.__x86.get_pc_thunk.bx
                0x00000000        0x4 build/wait_exit.o
 .note.GNU-stack
                0x00000000        0x0 build/wait_exit.o
 .group         0x00000000        0x8 build/pipe.o
 .group         0x00000000        0x8 build/pipe.o
 .text.__x86.get_pc_thunk.ax
                0x00000000        0x4 build/pipe.o
 .text.__x86.get_pc_thunk.bx
                0x00000000        0x4 build/pipe.o
 .note.GNU-stack
                0x00000000        0x0 build/pipe.o

Memory Configuration

Name             Origin             Length             Attributes
*default*        0x00000000         0xffffffff

Linker script and memory map

Address of section .text set to 0xc0001500
LOAD build/main.o
LOAD build/init.o
LOAD build/interrupt.o
LOAD build/timer.o
LOAD build/kernel.o
LOAD build/print.o
LOAD build/debug.o
LOAD build/string.o
LOAD build/bitmap.o
LOAD build/memory.o
LOAD build/thread.o
LOAD build/list.o
LOAD build/switch.o
LOAD build/sync.o
LOAD build/console.o
LOAD build/keyboard.o
LOAD build/ioqueue.o
LOAD build/tss.o
LOAD build/process.o
LOAD build/syscall.o
LOAD build/syscall-init.o
LOAD build/stdio.o
LOAD build/stdio-kernel.o
LOAD build/ide.o
LOAD build/fs.o
LOAD build/inode.o
LOAD build/file.o
LOAD build/dir.o
LOAD build/fork.o
LOAD build/shell.o
LOAD build/buildin_cmd.o
LOAD build/exec.o
LOAD build/assert.o
LOAD build/wait_exit.o
LOAD build/pipe.o
                [!provide]                        PROVIDE (__executable_start = SEGMENT_START ("text-segment", 0x8048000))
                0x080480f4                        . = (SEGMENT_START ("text-segment", 0x8048000) + SIZEOF_HEADERS)

.interp
 *(.interp)

.note.gnu.build-id
 *(.note.gnu.build-id)

.hash
 *(.hash)

.gnu.hash
 *(.gnu.hash)

.dynsym
 *(.dynsym)

.dynstr
 *(.dynstr)

.gnu.version
 *(.gnu.version)

.gnu.version_d
 *(.gnu.version_d)

.gnu.version_r
 *(.gnu.version_r)

.rel.dyn        0x080480f4        0x0
 *(.rel.init)
 *(.rel.text .rel.text.* .rel.gnu.linkonce.t.*)
 *(.rel.fini)
 *(.rel.rodata .rel.rodata.* .rel.gnu.linkonce.r.*)
 *(.rel.data.rel.ro .rel.data.rel.ro.* .rel.gnu.linkonce.d.rel.ro.*)
 *(.rel.data .rel.data.* .rel.gnu.linkonce.d.*)
 *(.rel.tdata .rel.tdata.* .rel.gnu.linkonce.td.*)
 *(.rel.tbss .rel.tbss.* .rel.gnu.linkonce.tb.*)
 *(.rel.ctors)
 *(.rel.dtors)
 *(.rel.got)
 .rel.got       0x080480f4        0x0 build/main.o
 *(.rel.bss .rel.bss.* .rel.gnu.linkonce.b.*)
 *(.rel.ifunc)

.rel.plt        0x080480f4        0x0
 *(.rel.plt)
                [!provide]                        PROVIDE (__rel_iplt_start = .)
 *(.rel.iplt)
 .rel.iplt      0x080480f4        0x0 build/main.o
                [!provide]                        PROVIDE (__rel_iplt_end = .)

.relr.dyn
 *(.relr.dyn)
                0x08049000                        . = ALIGN (CONSTANT (MAXPAGESIZE))

.init
 *(SORT_NONE(.init))

.plt            0x08049000        0x0
 *(.plt)
 *(.iplt)
 .iplt          0x08049000        0x0 build/main.o

.plt.got
 *(.plt.got)

.plt.sec
 *(.plt.sec)

.text           0xc0001500     0xd811
 *(.text.unlikely .text.*_unlikely .text.unlikely.*)
 *(.text.exit .text.exit.*)
 *(.text.startup .text.startup.*)
 *(.text.hot .text.hot.*)
 *(SORT_BY_NAME(.text.sorted.*))
 *(.text .stub .text.* .gnu.linkonce.t.*)
 .text          0xc0001500      0x17e build/main.o
                0xc0001500                main
                0xc0001600                init
 .text.__x86.get_pc_thunk.bx
                0xc000167e        0x4 build/main.o
                0xc000167e                __x86.get_pc_thunk.bx
 .text          0xc0001682       0x61 build/init.o
                0xc0001682                init_all
 .text          0xc00016e3      0x528 build/interrupt.o
                0xc0001ac6                intr_get_status
                0xc0001aed                intr_enable
                0xc0001b20                intr_disable
                0xc0001b53                intr_set_status
                0xc0001b78                register_handler
                0xc0001b9f                idt_init
 .text.__x86.get_pc_thunk.ax
                0xc0001c0b        0x4 build/interrupt.o
                0xc0001c0b                __x86.get_pc_thunk.ax
 .text          0xc0001c0f      0x24e build/timer.o
                0xc0001d5c                timer_init
                0xc0001dfb                mtime_sleep
 .text.__x86.get_pc_thunk.cx
                0xc0001e5d        0x4 build/timer.o
                0xc0001e5d                __x86.get_pc_thunk.cx
 *fill*         0xc0001e61        0xf 
 .text          0xc0001e70      0x55b build/kernel.o
                0xc0001e70                intr_exit
                0xc00023a7                syscall_handler
 *fill*         0xc00023cb        0x5 
 .text          0xc00023d0      0x1b1 build/print.o
                0xc00023d0                put_str
                0xc00023ee                put_char
                0xc00024bb                put_int
                0xc000251e                set_cursor
                0xc0002542                cls_screen
 .text          0xc0002581       0xf5 build/debug.o
                0xc0002581                panic_spin
 .text          0xc0002676      0x4aa build/string.o
                0xc0002676                memset
                0xc00026df                memcpy
                0xc0002756                memcmp
                0xc00027ef                strcpy
                0xc000285a                strlen
                0xc00028b7                strcmp
                0xc0002946                strchr
                0xc00029b4                strrchr
                0xc0002a28                strcat
                0xc0002aa8                strchrs
 .text          0xc0002b20      0x214 build/bitmap.o
                0xc0002b20                bitmap_init
                0xc0002b53                bitmap_scan_test
                0xc0002b9c                bitmap_scan
                0xc0002c6c                bitmap_set
 .text          0xc0002d34     0x1401 build/memory.o
                0xc00030ff                pde_ptr
                0xc0003125                pte_ptr
                0xc00032a0                malloc_page
                0xc0003379                get_kernel_pages
                0xc00033e7                get_user_pages
                0xc000344f                get_a_page
                0xc00035e8                block_desc_init
                0xc00036c7                sys_malloc
                0xc0003a19                pfree
                0xc0003b83                mfree_page
                0xc0003d73                sys_free
                0xc0003f85                mem_init
                0xc0003feb                addr_v2p
                0xc0004021                get_a_page_without_opvaddrbitmap
                0xc00040bc                free_a_phy_page
 .text          0xc0004135      0xdf8 build/thread.o
                0xc0004157                running_thread
                0xc0004219                thread_create
                0xc000429d                init_thread
                0xc00043ab                thread_start
                0xc0004549                schedule
                0xc0004720                thread_init
                0xc00047c3                thread_block
                0xc000483b                thread_unblock
                0xc000495c                thread_yield
                0xc00049f9                fork_pid
                0xc0004cfa                sys_ps
                0xc0004d55                release_pid
                0xc0004dbf                thread_exit
                0xc0004edd                pid2thread
 .text.__x86.get_pc_thunk.dx
                0xc0004f2d        0x4 build/thread.o
                0xc0004f2d                __x86.get_pc_thunk.dx
 .text          0xc0004f31      0x25f build/list.o
                0xc0004f31                list_init
                0xc0004f69                list_insert_before
                0xc0004fbd                list_push
                0xc0004fe5                list_append
                0xc000500d                list_remove
                0xc0005056                list_pop
                0xc0005082                elem_find
                0xc00050c7                list_traversal
                0xc000512e                list_len
                0xc000516d                list_empty
 .text          0xc0005190       0x15 build/switch.o
                0xc0005190                switch_to
 .text          0xc00051a5      0x38f build/sync.o
                0xc00051a5                sema_init
                0xc00051df                lock_init
                0xc0005219                sema_down
                0xc0005335                sema_up
                0xc00053ff                lock_acquire
                0xc0005485                lock_release
 .text          0xc0005534      0x119 build/console.o
                0xc0005534                console_init
                0xc000555f                console_acquire
                0xc000558a                console_release
                0xc00055b5                console_put_str
                0xc00055e5                console_put_char
                0xc000561d                console_put_int
 .text          0xc000564d      0x315 build/keyboard.o
                0xc0005900                keyboard_init
 .text          0xc0005962      0x413 build/ioqueue.o
                0xc0005962                ioqueue_init
                0xc00059e8                ioq_full
                0xc0005a4f                ioq_empty
                0xc0005b5f                ioq_getchar
                0xc0005c34                ioq_putchar
                0xc0005d0c                ioq_length
 .text          0xc0005d75      0x1b8 build/tss.o
                0xc0005d75                update_tss_esp
                0xc0005e06                tss_init
 .text          0xc0005f2d      0x3dc build/process.o
                0xc0005f2d                create_user_vaddr_bitmap
                0xc0005f86                create_page_dir
                0xc000600f                start_process
                0xc0006123                page_dir_activate
                0xc0006168                process_activate
                0xc00061cb                process_execute
 .text          0xc0006309      0x453 build/syscall.o
                0xc0006309                getpid
                0xc0006328                write
                0xc0006354                malloc
                0xc000637c                free
                0xc00063a2                fork
                0xc00063c1                read
                0xc00063ed                putchar
                0xc000641a                clear
                0xc0006437                getcwd
                0xc0006462                open
                0xc0006494                close
                0xc00064bc                lseek
                0xc00064ef                unlink
                0xc0006517                mkdir
                0xc000653f                opendir
                0xc0006567                closedir
                0xc000658f                rmdir
                0xc00065b7                readdir
                0xc00065df                rewinddir
                0xc0006605                stat
                0xc0006630                chdir
                0xc0006658                ps
                0xc0006675                execv
                0xc00066a0                exit
                0xc00066c6                wait
                0xc00066ee                pipe
                0xc0006716                fd_redirect
                0xc000673f                help
 .text          0xc000675c      0x1b0 build/syscall-init.o
                0xc000675c                sys_getpid
                0xc0006780                syscall_init
 .text          0xc000690c      0x2d7 build/stdio.o
                0xc000699d                vsprintf
                0xc0006b2b                printf
                0xc0006ba9                sprintf
 .text          0xc0006be3       0x6a build/stdio-kernel.o
                0xc0006be3                printk
 .text          0xc0006c4d      0xedc build/ide.o
                0xc0006fd1                ide_read
                0xc0007163                ide_write
                0xc00072f8                intr_hd_handler
                0xc00078f2                ide_init
 .text          0xc0007b29     0x24de build/fs.o
                0xc0008201                filesys_init
                0xc0008428                path_parse
                0xc0008491                path_depth_cnt
                0xc00087d8                sys_open
                0xc0008a5a                fd_local2global
                0xc0008aba                sys_close
                0xc0008bdf                sys_write
                0xc0008d35                sys_read
                0xc0008e95                sys_lseek
                0xc0008f9e                sys_unlink
                0xc00091f8                sys_mkdir
                0xc0009614                sys_opendir
                0xc000973f                sys_closedir
                0xc000977c                sys_readdir
                0xc00097c9                sys_rewinddir
                0xc00097e3                sys_rmdir
                0xc0009bba                sys_getcwd
                0xc0009dca                sys_chdir
                0xc0009e65                sys_stat
                0xc0009faa                sys_putchar
                0xc0009fdc                sys_help
 .text          0xc000a007      0x7b8 build/inode.o
                0xc000a0b7                inode_sync
                0xc000a1f3                inode_open
                0xc000a348                inode_close
                0xc000a3d3                inode_init
                0xc000a434                inode_delete
                0xc000a561                inode_release
 .text          0xc000a7bf     0x12f1 build/file.o
                0xc000a7bf                get_free_slot_in_global
                0xc000a82a                pcb_fd_install
                0xc000a8a8                inode_bitmap_alloc
                0xc000a8fe                block_bitmap_alloc
                0xc000a95f                bitmap_sync
                0xc000a9f8                file_create
                0xc000acf6                file_open
                0xc000ae4e                file_close
                0xc000aea1                file_write
                0xc000b6d1                file_read
 .text          0xc000bab0      0xf90 build/dir.o
                0xc000bab0                open_root_dir
                0xc000baf0                dir_open
                0xc000bb3d                search_dir_entry
                0xc000bd26                dir_close
                0xc000bd6a                create_dir_entry
                0xc000bdee                sync_dir_entry
                0xc000c288                delete_dir_entry
                0xc000c724                dir_read
                0xc000c928                dir_is_empty
                0xc000c960                dir_remove
 .text          0xc000ca40      0x591 build/fork.o
                0xc000ce86                sys_fork
 .text          0xc000cfd1      0x825 build/shell.o
                0xc000cfd1                print_prompt
                0xc000d54b                my_shell
 .text          0xc000d7f6      0xa02 build/buildin_cmd.o
                0xc000d985                make_clear_abs_path
                0xc000da4e                buildin_pwd
                0xc000dac7                buildin_cd
                0xc000db70                buildin_ls
                0xc000df61                buildin_ps
                0xc000df9a                buildin_clear
                0xc000dfd3                buildin_mkdir
                0xc000e080                buildin_rmdir
                0xc000e12d                buildin_rm
                0xc000e1da                buildin_help
 .text          0xc000e1f8      0x367 build/exec.o
                0xc000e4a5                sys_execv
 .text          0xc000e55f       0x34 build/assert.o
                0xc000e55f                user_spin
 .text          0xc000e593      0x4a3 build/wait_exit.o
                0xc000e89c                sys_wait
                0xc000e96a                sys_exit
 .text          0xc000ea36      0x2db build/pipe.o
                0xc000ea36                is_pipe
                0xc000ea82                sys_pipe
                0xc000eb7a                pipe_read
                0xc000ec13                pipe_write
                0xc000ecb8                sys_fd_redirect
 *(.gnu.warning)

.fini
 *(SORT_NONE(.fini))
                [!provide]                        PROVIDE (__etext = .)
                [!provide]                        PROVIDE (_etext = .)
                [!provide]                        PROVIDE (etext = .)
                0xc000f000                        . = ALIGN (CONSTANT (MAXPAGESIZE))
                0xc000f000                        . = SEGMENT_START ("rodata-segment", (ALIGN (CONSTANT (MAXPAGESIZE)) + (. & (CONSTANT (MAXPAGESIZE) - 0x1))))

.rodata         0xc000f000     0x29b9
 *(.rodata .rodata.* .gnu.linkonce.r.*)
 .rodata        0xc000f000       0xb1 build/main.o
 .rodata        0xc000f0b1        0xa build/init.o
 *fill*         0xc000f0bb        0x1 
 .rodata        0xc000f0bc      0x2cd build/interrupt.o
 *fill*         0xc000f389        0x3 
 .rodata        0xc000f38c       0x88 build/timer.o
 .rodata        0xc000f414       0x3f build/debug.o
 *fill*         0xc000f453        0x1 
 .rodata        0xc000f454       0xc4 build/string.o
 .rodata        0xc000f518       0x3f build/bitmap.o
 *fill*         0xc000f557        0x1 
 .rodata        0xc000f558      0x3c9 build/memory.o
 *fill*         0xc000f921        0x3 
 .rodata        0xc000f924      0x3e0 build/thread.o
 .rodata        0xc000fd04      0x135 build/sync.o
 .rodata        0xc000fe39       0x36 build/keyboard.o
 *fill*         0xc000fe6f        0x1 
 .rodata        0xc000fe70       0xa8 build/ioqueue.o
 .rodata        0xc000ff18       0x27 build/tss.o
 *fill*         0xc000ff3f        0x1 
 .rodata        0xc000ff40       0xe0 build/process.o
 .rodata        0xc0010020       0x27 build/syscall-init.o
 *fill*         0xc0010047        0x1 
 .rodata        0xc0010048      0x201 build/ide.o
 *fill*         0xc0010249        0x3 
 .rodata        0xc001024c      0xa2f build/fs.o
 *fill*         0xc0010c7b        0x1 
 .rodata        0xc0010c7c       0xc2 build/inode.o
 *fill*         0xc0010d3e        0x2 
 .rodata        0xc0010d40      0x436 build/file.o
 *fill*         0xc0011176        0x2 
 .rodata        0xc0011178      0x20f build/dir.o
 *fill*         0xc0011387        0x1 
 .rodata        0xc0011388      0x105 build/fork.o
 *fill*         0xc001148d        0x3 
 .rodata        0xc0011490      0x1a4 build/shell.o
 .rodata        0xc0011634      0x2fe build/buildin_cmd.o
 .rodata        0xc0011932        0x8 build/exec.o
 *fill*         0xc001193a        0x2 
 .rodata        0xc001193c       0x32 build/assert.o
 *fill*         0xc001196e        0x2 
 .rodata        0xc0011970       0x49 build/wait_exit.o

.rodata1
 *(.rodata1)

.eh_frame_hdr
 *(.eh_frame_hdr)
 *(.eh_frame_entry .eh_frame_entry.*)

.eh_frame       0xc00119bc     0x25c8
 *(.eh_frame)
 .eh_frame      0xc00119bc       0x84 build/main.o
 .eh_frame      0xc0011a40       0x24 build/init.o
                                 0x50 (size before relaxing)
 .eh_frame      0xc0011a64      0x1a4 build/interrupt.o
                                0x1d0 (size before relaxing)
 .eh_frame      0xc0011c08       0xf0 build/timer.o
                                0x130 (size before relaxing)
 .eh_frame      0xc0011cf8       0x1c build/debug.o
                                 0x48 (size before relaxing)
 .eh_frame      0xc0011d14      0x168 build/string.o
                                0x194 (size before relaxing)
 .eh_frame      0xc0011e7c       0x8c build/bitmap.o
                                 0xb8 (size before relaxing)
 .eh_frame      0xc0011f08      0x324 build/memory.o
                                0x364 (size before relaxing)
 .eh_frame      0xc001222c      0x314 build/thread.o
                                0x354 (size before relaxing)
 .eh_frame      0xc0012540      0x148 build/list.o
                                0x188 (size before relaxing)
 .eh_frame      0xc0012688       0xdc build/sync.o
                                0x11c (size before relaxing)
 .eh_frame      0xc0012764       0xd8 build/console.o
                                0x118 (size before relaxing)
 .eh_frame      0xc001283c       0x68 build/keyboard.o
                                 0xa8 (size before relaxing)
 .eh_frame      0xc00128a4      0x13c build/ioqueue.o
                                0x17c (size before relaxing)
 .eh_frame      0xc00129e0       0x6c build/tss.o
                                 0xac (size before relaxing)
 .eh_frame      0xc0012a4c       0xd8 build/process.o
                                0x118 (size before relaxing)
 .eh_frame      0xc0012b24      0x3dc build/syscall.o
                                0x408 (size before relaxing)
 .eh_frame      0xc0012f00       0x48 build/syscall-init.o
                                 0x88 (size before relaxing)
 .eh_frame      0xc0012f48       0x90 build/stdio.o
                                 0xd0 (size before relaxing)
 .eh_frame      0xc0012fd8       0x28 build/stdio-kernel.o
                                 0x54 (size before relaxing)
 .eh_frame      0xc0013000      0x27c build/ide.o
                                0x2bc (size before relaxing)
 .eh_frame      0xc001327c      0x3e0 build/fs.o
                                0x420 (size before relaxing)
 .eh_frame      0xc001365c      0x100 build/inode.o
                                0x140 (size before relaxing)
 .eh_frame      0xc001375c      0x178 build/file.o
                                0x1cc (size before relaxing)
 .eh_frame      0xc00138d4      0x17c build/dir.o
                                0x1bc (size before relaxing)
 .eh_frame      0xc0013a50       0xd8 build/fork.o
                                0x118 (size before relaxing)
 .eh_frame      0xc0013b28       0xac build/shell.o
                                 0xec (size before relaxing)
 .eh_frame      0xc0013bd4      0x19c build/buildin_cmd.o
                                0x1dc (size before relaxing)
 .eh_frame      0xc0013d70       0x6c build/exec.o
                                 0x98 (size before relaxing)
 .eh_frame      0xc0013ddc       0x1c build/assert.o
                                 0x48 (size before relaxing)
 .eh_frame      0xc0013df8       0xd4 build/wait_exit.o
                                0x114 (size before relaxing)
 .eh_frame      0xc0013ecc       0xb8 build/pipe.o
                                 0xf8 (size before relaxing)
 *(.eh_frame.*)

.sframe
 *(.sframe)
 *(.sframe.*)

.gcc_except_table
 *(.gcc_except_table .gcc_except_table.*)

.gnu_extab
 *(.gnu_extab*)

.exception_ranges
 *(.exception_ranges*)
                0xc0014ff4                        . = DATA_SEGMENT_ALIGN (CONSTANT (MAXPAGESIZE), CONSTANT (COMMONPAGESIZE))

.eh_frame
 *(.eh_frame)
 *(.eh_frame.*)

.sframe
 *(.sframe)
 *(.sframe.*)

.gnu_extab
 *(.gnu_extab)

.gcc_except_table
 *(.gcc_except_table .gcc_except_table.*)

.exception_ranges
 *(.exception_ranges*)

.tdata          0xc0014ff4        0x0
                [!provide]                        PROVIDE (__tdata_start = .)
 *(.tdata .tdata.* .gnu.linkonce.td.*)

.tbss
 *(.tbss .tbss.* .gnu.linkonce.tb.*)
 *(.tcommon)

.preinit_array  0xc0014ff4        0x0
                [!provide]                        PROVIDE (__preinit_array_start = .)
 *(.preinit_array)
                [!provide]                        PROVIDE (__preinit_array_end = .)

.init_array     0xc0014ff4        0x0
                [!provide]                        PROVIDE (__init_array_start = .)
 *(SORT_BY_INIT_PRIORITY(.init_array.*) SORT_BY_INIT_PRIORITY(.ctors.*))
 *(.init_array EXCLUDE_FILE(*crtend?.o *crtend.o *crtbegin?.o *crtbegin.o) .ctors)
                [!provide]                        PROVIDE (__init_array_end = .)

.fini_array     0xc0014ff4        0x0
                [!provide]                        PROVIDE (__fini_array_start = .)
 *(SORT_BY_INIT_PRIORITY(.fini_array.*) SORT_BY_INIT_PRIORITY(.dtors.*))
 *(.fini_array EXCLUDE_FILE(*crtend?.o *crtend.o *crtbegin?.o *crtbegin.o) .dtors)
                [!provide]                        PROVIDE (__fini_array_end = .)

.ctors
 *crtbegin.o(.ctors)
 *crtbegin?.o(.ctors)
 *(EXCLUDE_FILE(*crtend?.o *crtend.o) .ctors)
 *(SORT_BY_NAME(.ctors.*))
 *(.ctors)

.dtors
 *crtbegin.o(.dtors)
 *crtbegin?.o(.dtors)
 *(EXCLUDE_FILE(*crtend?.o *crtend.o) .dtors)
 *(SORT_BY_NAME(.dtors.*))
 *(.dtors)

.jcr
 *(.jcr)

.data.rel.ro
 *(.data.rel.ro.local* .gnu.linkonce.d.rel.ro.local.*)
 *(.data.rel.ro .data.rel.ro.* .gnu.linkonce.d.rel.ro.*)

.dynamic
 *(.dynamic)

.got            0xc0014ff4        0x0
 *(.got)
 .got           0xc0014ff4        0x0 build/main.o
 *(.igot)
                0xc0014ff4                        . = DATA_SEGMENT_RELRO_END (., (SIZEOF (.got.plt) >= 0xc)?0xc:0x0)

.got.plt        0xc0014ff4        0xc
 *(.got.plt)
 .got.plt       0xc0014ff4        0xc build/main.o
                0xc0014ff4                _GLOBAL_OFFSET_TABLE_
 *(.igot.plt)
 .igot.plt      0xc0015000        0x0 build/main.o

.data           0xc0015000      0x15c
 *(.data .data.* .gnu.linkonce.d.*)
 .data          0xc0015000        0x0 build/main.o
 .data          0xc0015000        0x0 build/init.o
 .data          0xc0015000        0x0 build/interrupt.o
 .data          0xc0015000        0x0 build/timer.o
 .data          0xc0015000       0xc0 build/kernel.o
                0xc0015000                intr_entry_table
 .data          0xc00150c0        0x8 build/print.o
 .data          0xc00150c8        0x0 build/debug.o
 .data          0xc00150c8        0x0 build/string.o
 .data          0xc00150c8        0x0 build/bitmap.o
 .data          0xc00150c8        0x0 build/memory.o
 .data          0xc00150c8        0x0 build/thread.o
 .data          0xc00150c8        0x0 build/list.o
 .data          0xc00150c8        0x0 build/sync.o
 .data          0xc00150c8        0x0 build/console.o
 *fill*         0xc00150c8       0x18 
 .data          0xc00150e0       0x76 build/keyboard.o
                0xc00150e0                keymap
 .data          0xc0015156        0x0 build/ioqueue.o
 .data          0xc0015156        0x0 build/tss.o
 .data          0xc0015156        0x0 build/process.o
 .data          0xc0015156        0x0 build/syscall.o
 .data          0xc0015156        0x0 build/syscall-init.o
 .data          0xc0015156        0x0 build/stdio.o
 .data          0xc0015156        0x0 build/stdio-kernel.o
 .data          0xc0015156        0x0 build/ide.o
 .data          0xc0015156        0x0 build/fs.o
 .data          0xc0015156        0x0 build/inode.o
 .data          0xc0015156        0x0 build/file.o
 .data          0xc0015156        0x0 build/dir.o
 .data          0xc0015156        0x0 build/fork.o
 *fill*         0xc0015156        0x2 
 .data          0xc0015158        0x4 build/shell.o
                0xc0015158                argc
 .data          0xc001515c        0x0 build/buildin_cmd.o
 .data          0xc001515c        0x0 build/exec.o
 .data          0xc001515c        0x0 build/assert.o
 .data          0xc001515c        0x0 build/wait_exit.o
 .data          0xc001515c        0x0 build/pipe.o

.data1
 *(.data1)
                0xc001515c                        _edata = .
                [!provide]                        PROVIDE (edata = .)
                0xc001515c                        . = ALIGN (ALIGNOF (NEXT_SECTION))
                0xc0015160                        __bss_start = .

.bss            0xc0015160     0x27e0
 *(.dynbss)
 *(.bss .bss.* .gnu.linkonce.b.*)
 .bss           0xc0015160        0x0 build/main.o
 .bss           0xc0015160        0x0 build/init.o
 .bss           0xc0015160      0x848 build/interrupt.o
                0xc0015160                intr_name
                0xc0015380                idt_table
 .bss           0xc00159a8        0x4 build/timer.o
                0xc00159a8                ticks
 .bss           0xc00159ac        0x0 build/debug.o
 .bss           0xc00159ac        0x0 build/string.o
 .bss           0xc00159ac        0x0 build/bitmap.o
 *fill*         0xc00159ac       0x14 
 .bss           0xc00159c0      0x138 build/memory.o
                0xc00159c0                k_block_descs
                0xc0015a80                kernel_pool
                0xc0015ac0                user_pool
                0xc0015aec                kernel_vaddr
 *fill*         0xc0015af8        0x8 
 .bss           0xc0015b00      0x10c build/thread.o
                0xc0015b00                main_thread
                0xc0015b04                idle_thread
                0xc0015b08                thread_ready_list
                0xc0015b18                thread_all_list
                0xc0015b28                pid_lock
                0xc0015b60                pid_bitmap_bits
                0xc0015be0                pid_pool
 .bss           0xc0015c0c        0x0 build/list.o
 .bss           0xc0015c0c        0x0 build/sync.o
 .bss           0xc0015c0c       0x1c build/console.o
 *fill*         0xc0015c28       0x18 
 .bss           0xc0015c40      0x84c build/keyboard.o
                0xc0015c40                ctrl_status
                0xc0015c44                shift_status
                0xc0015c48                alt_status
                0xc0015c4c                caps_lock_status
                0xc0015c50                ext_scancode
                0xc0015c60                kbd_buf
 .bss           0xc001648c        0x0 build/ioqueue.o
 *fill*         0xc001648c       0x14 
 .bss           0xc00164a0       0x68 build/tss.o
 .bss           0xc0016508        0x0 build/process.o
 .bss           0xc0016508        0x0 build/syscall.o
 *fill*         0xc0016508       0x18 
 .bss           0xc0016520       0x80 build/syscall-init.o
                0xc0016520                syscall_table
 .bss           0xc00165a0        0x0 build/stdio.o
 .bss           0xc00165a0        0x0 build/stdio-kernel.o
 .bss           0xc00165a0      0xcf8 build/ide.o
                0xc00165a0                channel_cnt
                0xc00165c0                channels
                0xc0017280                ext_lba_base
                0xc0017284                p_no
                0xc0017285                l_no
                0xc0017288                partition_list
 .bss           0xc0017298        0x4 build/fs.o
                0xc0017298                cur_part
 .bss           0xc001729c        0x0 build/inode.o
 *fill*         0xc001729c        0x4 
 .bss           0xc00172a0      0x180 build/file.o
                0xc00172a0                file_table
 .bss           0xc0017420      0x208 build/dir.o
                0xc0017420                root_dir
 .bss           0xc0017628        0x0 build/fork.o
 *fill*         0xc0017628       0x18 
 .bss           0xc0017640      0x300 build/shell.o
                0xc0017640                cwd_cache
                0xc0017680                argv
                0xc00176c0                final_path
 .bss           0xc0017940        0x0 build/buildin_cmd.o
 .bss           0xc0017940        0x0 build/exec.o
 .bss           0xc0017940        0x0 build/assert.o
 .bss           0xc0017940        0x0 build/wait_exit.o
 .bss           0xc0017940        0x0 build/pipe.o
 *(COMMON)
                0xc0017940                        . = ALIGN ((. != 0x0)?0x4:0x1)
                0xc0017940                        . = ALIGN (0x4)
                0xc0017940                        . = SEGMENT_START ("ldata-segment", .)
                0xc0017940                        . = ALIGN (0x4)
                0xc0017940                        _end = .
                [!provide]                        PROVIDE (end = .)
                0xc0017940                        . = DATA_SEGMENT_END (.)

.stab
 *(.stab)

.stabstr
 *(.stabstr)

.stab.excl
 *(.stab.excl)

.stab.exclstr
 *(.stab.exclstr)

.stab.index
 *(.stab.index)

.stab.indexstr
 *(.stab.indexstr)

.comment        0x00000000       0x2b
 *(.comment)
 .comment       0x00000000       0x2b build/main.o
                                 0x2c (size before relaxing)
 .comment       0x0000002b       0x2c build/init.o
 .comment       0x0000002b       0x2c build/interrupt.o
 .comment       0x0000002b       0x2c build/timer.o
 .comment       0x0000002b       0x2c build/debug.o
 .comment       0x0000002b       0x2c build/string.o
 .comment       0x0000002b       0x2c build/bitmap.o
 .comment       0x0000002b       0x2c build/memory.o
 .comment       0x0000002b       0x2c build/thread.o
 .comment       0x0000002b       0x2c build/list.o
 .comment       0x0000002b       0x2c build/sync.o
 .comment       0x0000002b       0x2c build/console.o
 .comment       0x0000002b       0x2c build/keyboard.o
 .comment       0x0000002b       0x2c build/ioqueue.o
 .comment       0x0000002b       0x2c build/tss.o
 .comment       0x0000002b       0x2c build/process.o
 .comment       0x0000002b       0x2c build/syscall.o
 .comment       0x0000002b       0x2c build/syscall-init.o
 .comment       0x0000002b       0x2c build/stdio.o
 .comment       0x0000002b       0x2c build/stdio-kernel.o
 .comment       0x0000002b       0x2c build/ide.o
 .comment       0x0000002b       0x2c build/fs.o
 .comment       0x0000002b       0x2c build/inode.o
 .comment       0x0000002b       0x2c build/file.o
 .comment       0x0000002b       0x2c build/dir.o
 .comment       0x0000002b       0x2c build/fork.o
 .comment       0x0000002b       0x2c build/shell.o
 .comment       0x0000002b       0x2c build/buildin_cmd.o
 .comment       0x0000002b       0x2c build/exec.o
 .comment       0x0000002b       0x2c build/assert.o
 .comment       0x0000002b       0x2c build/wait_exit.o
 .comment       0x0000002b       0x2c build/pipe.o

.gnu.build.attributes
 *(.gnu.build.attributes .gnu.build.attributes.*)

.debug
 *(.debug)

.line
 *(.line)

.debug_srcinfo
 *(.debug_srcinfo)

.debug_sfnames
 *(.debug_sfnames)

.debug_aranges  0x00000000      0x460
 *(.debug_aranges)
 .debug_aranges
                0x00000000       0x20 build/main.o
 .debug_aranges
                0x00000020       0x20 build/init.o
 .debug_aranges
                0x00000040       0x20 build/interrupt.o
 .debug_aranges
                0x00000060       0x20 build/timer.o
 .debug_aranges
                0x00000080       0x20 build/kernel.o
 .debug_aranges
                0x000000a0       0x20 build/print.o
 .debug_aranges
                0x000000c0       0x20 build/debug.o
 .debug_aranges
                0x000000e0       0x20 build/string.o
 .debug_aranges
                0x00000100       0x20 build/bitmap.o
 .debug_aranges
                0x00000120       0x20 build/memory.o
 .debug_aranges
                0x00000140       0x20 build/thread.o
 .debug_aranges
                0x00000160       0x20 build/list.o
 .debug_aranges
                0x00000180       0x20 build/switch.o
 .debug_aranges
                0x000001a0       0x20 build/sync.o
 .debug_aranges
                0x000001c0       0x20 build/console.o
 .debug_aranges
                0x000001e0       0x20 build/keyboard.o
 .debug_aranges
                0x00000200       0x20 build/ioqueue.o
 .debug_aranges
                0x00000220       0x20 build/tss.o
 .debug_aranges
                0x00000240       0x20 build/process.o
 .debug_aranges
                0x00000260       0x20 build/syscall.o
 .debug_aranges
                0x00000280       0x20 build/syscall-init.o
 .debug_aranges
                0x000002a0       0x20 build/stdio.o
 .debug_aranges
                0x000002c0       0x20 build/stdio-kernel.o
 .debug_aranges
                0x000002e0       0x20 build/ide.o
 .debug_aranges
                0x00000300       0x20 build/fs.o
 .debug_aranges
                0x00000320       0x20 build/inode.o
 .debug_aranges
                0x00000340       0x20 build/file.o
 .debug_aranges
                0x00000360       0x20 build/dir.o
 .debug_aranges
                0x00000380       0x20 build/fork.o
 .debug_aranges
                0x000003a0       0x20 build/shell.o
 .debug_aranges
                0x000003c0       0x20 build/buildin_cmd.o
 .debug_aranges
                0x000003e0       0x20 build/exec.o
 .debug_aranges
                0x00000400       0x20 build/assert.o
 .debug_aranges
                0x00000420       0x20 build/wait_exit.o
 .debug_aranges
                0x00000440       0x20 build/pipe.o

.debug_pubnames
                0x00000000        0x0
 *(.debug_pubnames)
 .debug_pubnames
                0x00000000        0x0 build/kernel.o
 .debug_pubnames
                0x00000000        0x0 build/print.o
 .debug_pubnames
                0x00000000        0x0 build/switch.o

.debug_info     0x00000000     0xf509
 *(.debug_info .gnu.linkonce.wi.*)
 .debug_info    0x00000000      0x733 build/main.o
 .debug_info    0x00000733      0x101 build/init.o
 .debug_info    0x00000834      0x3e2 build/interrupt.o
 .debug_info    0x00000c16      0x4f3 build/timer.o
 .debug_info    0x00001109       0x55 build/kernel.o
 .debug_info    0x0000115e       0x5c build/print.o
 .debug_info    0x000011ba      0x117 build/debug.o
 .debug_info    0x000012d1      0x443 build/string.o
 .debug_info    0x00001714      0x24a build/bitmap.o
 .debug_info    0x0000195e      0xf2e build/memory.o
 .debug_info    0x0000288c      0xdc5 build/thread.o
 .debug_info    0x00003651      0x34d build/list.o
 .debug_info    0x0000399e       0x55 build/switch.o
 .debug_info    0x000039f3      0x5ee build/sync.o
 .debug_info    0x00003fe1      0x468 build/console.o
 .debug_info    0x00004449      0x596 build/keyboard.o
 .debug_info    0x000049df      0x6ad build/ioqueue.o
 .debug_info    0x0000508c      0x5d5 build/tss.o
 .debug_info    0x00005661      0x76d build/process.o
 .debug_info    0x00005dce      0x90e build/syscall.o
 .debug_info    0x000066dc      0x6e2 build/syscall-init.o
 .debug_info    0x00006dbe      0x28a build/stdio.o
 .debug_info    0x00007048      0x112 build/stdio-kernel.o
 .debug_info    0x0000715a      0xefc build/ide.o
 .debug_info    0x00008056     0x1bd8 build/fs.o
 .debug_info    0x00009c2e      0xba1 build/inode.o
 .debug_info    0x0000a7cf      0xf03 build/file.o
 .debug_info    0x0000b6d2      0xe64 build/dir.o
 .debug_info    0x0000c536      0x89f build/fork.o
 .debug_info    0x0000cdd5      0x67c build/shell.o
 .debug_info    0x0000d451      0x7c2 build/buildin_cmd.o
 .debug_info    0x0000dc13      0x90c build/exec.o
 .debug_info    0x0000e51f       0xdf build/assert.o
 .debug_info    0x0000e5fe      0x7d3 build/wait_exit.o
 .debug_info    0x0000edd1      0x738 build/pipe.o

.debug_abbrev   0x00000000     0x3b98
 *(.debug_abbrev)
 .debug_abbrev  0x00000000      0x1d3 build/main.o
 .debug_abbrev  0x000001d3       0xaf build/init.o
 .debug_abbrev  0x00000282      0x20e build/interrupt.o
 .debug_abbrev  0x00000490      0x1d9 build/timer.o
 .debug_abbrev  0x00000669       0x1d build/kernel.o
 .debug_abbrev  0x00000686       0x1d build/print.o
 .debug_abbrev  0x000006a3       0xc9 build/debug.o
 .debug_abbrev  0x0000076c      0x12c build/string.o
 .debug_abbrev  0x00000898      0x155 build/bitmap.o
 .debug_abbrev  0x000009ed      0x30b build/memory.o
 .debug_abbrev  0x00000cf8      0x3bf build/thread.o
 .debug_abbrev  0x000010b7      0x16c build/list.o
 .debug_abbrev  0x00001223       0x1d build/switch.o
 .debug_abbrev  0x00001240      0x18d build/sync.o
 .debug_abbrev  0x000013cd      0x153 build/console.o
 .debug_abbrev  0x00001520      0x1c1 build/keyboard.o
 .debug_abbrev  0x000016e1      0x208 build/ioqueue.o
 .debug_abbrev  0x000018e9      0x18e build/tss.o
 .debug_abbrev  0x00001a77      0x1e4 build/process.o
 .debug_abbrev  0x00001c5b      0x15c build/syscall.o
 .debug_abbrev  0x00001db7      0x196 build/syscall-init.o
 .debug_abbrev  0x00001f4d      0x104 build/stdio.o
 .debug_abbrev  0x00002051       0xe0 build/stdio-kernel.o
 .debug_abbrev  0x00002131      0x32e build/ide.o
 .debug_abbrev  0x0000245f      0x32c build/fs.o
 .debug_abbrev  0x0000278b      0x210 build/inode.o
 .debug_abbrev  0x0000299b      0x28f build/file.o
 .debug_abbrev  0x00002c2a      0x27f build/dir.o
 .debug_abbrev  0x00002ea9      0x210 build/fork.o
 .debug_abbrev  0x000030b9      0x22b build/shell.o
 .debug_abbrev  0x000032e4      0x239 build/buildin_cmd.o
 .debug_abbrev  0x0000351d      0x1ed build/exec.o
 .debug_abbrev  0x0000370a       0x99 build/assert.o
 .debug_abbrev  0x000037a3      0x20d build/wait_exit.o
 .debug_abbrev  0x000039b0      0x1e8 build/pipe.o

.debug_line     0x00000000     0x5819
 *(.debug_line .debug_line.* .debug_line_end)
 .debug_line    0x00000000      0x12b build/main.o
 .debug_line    0x0000012b       0xa9 build/init.o
 .debug_line    0x000001d4      0x1e5 build/interrupt.o
 .debug_line    0x000003b9      0x11f build/timer.o
 .debug_line    0x000004d8      0x359 build/kernel.o
 .debug_line    0x00000831       0xe8 build/print.o
 .debug_line    0x00000919       0xb3 build/debug.o
 .debug_line    0x000009cc      0x2b0 build/string.o
 .debug_line    0x00000c7c      0x14b build/bitmap.o
 .debug_line    0x00000dc7      0x726 build/memory.o
 .debug_line    0x000014ed      0x454 build/thread.o
 .debug_line    0x00001941      0x147 build/list.o
 .debug_line    0x00001a88       0x49 build/switch.o
 .debug_line    0x00001ad1      0x1ae build/sync.o
 .debug_line    0x00001c7f       0xbe build/console.o
 .debug_line    0x00001d3d      0x211 build/keyboard.o
 .debug_line    0x00001f4e      0x1ce build/ioqueue.o
 .debug_line    0x0000211c       0xf7 build/tss.o
 .debug_line    0x00002213      0x1cb build/process.o
 .debug_line    0x000023de      0x158 build/syscall.o
 .debug_line    0x00002536      0x106 build/syscall-init.o
 .debug_line    0x0000263c      0x152 build/stdio.o
 .debug_line    0x0000278e       0x74 build/stdio-kernel.o
 .debug_line    0x00002802      0x52f build/ide.o
 .debug_line    0x00002d31      0xc69 build/fs.o
 .debug_line    0x0000399a      0x2ce build/inode.o
 .debug_line    0x00003c68      0x6c3 build/file.o
 .debug_line    0x0000432b      0x5bc build/dir.o
 .debug_line    0x000048e7      0x24c build/fork.o
 .debug_line    0x00004b33      0x369 build/shell.o
 .debug_line    0x00004e9c      0x391 build/buildin_cmd.o
 .debug_line    0x0000522d      0x212 build/exec.o
 .debug_line    0x0000543f       0x5f build/assert.o
 .debug_line    0x0000549e      0x210 build/wait_exit.o
 .debug_line    0x000056ae      0x16b build/pipe.o

.debug_frame    0x00000000        0x0
 *(.debug_frame)
 .debug_frame   0x00000000        0x0 build/kernel.o
 .debug_frame   0x00000000        0x0 build/print.o
 .debug_frame   0x00000000        0x0 build/switch.o

.debug_str      0x00000000     0x2335
 *(.debug_str)
 .debug_str     0x00000000     0x2335 build/main.o
                                0x4d4 (size before relaxing)
 .debug_str     0x00002335      0x1a2 build/init.o
 .debug_str     0x00002335      0x30a build/interrupt.o
 .debug_str     0x00002335      0x3e6 build/timer.o
 .debug_str     0x00002335      0x163 build/debug.o
 .debug_str     0x00002335      0x191 build/string.o
 .debug_str     0x00002335      0x1b3 build/bitmap.o
 .debug_str     0x00002335      0x70f build/memory.o
 .debug_str     0x00002335      0x735 build/thread.o
 .debug_str     0x00002335      0x20f build/list.o
 .debug_str     0x00002335      0x41a build/sync.o
 .debug_str     0x00002335      0x3b9 build/console.o
 .debug_str     0x00002335      0x41b build/keyboard.o
 .debug_str     0x00002335      0x419 build/ioqueue.o
 .debug_str     0x00002335      0x3f2 build/tss.o
 .debug_str     0x00002335      0x537 build/process.o
 .debug_str     0x00002335      0x3c0 build/syscall.o
 .debug_str     0x00002335      0x5b6 build/syscall-init.o
 .debug_str     0x00002335      0x1a2 build/stdio.o
 .debug_str     0x00002335      0x135 build/stdio-kernel.o
 .debug_str     0x00002335      0x6f0 build/ide.o
 .debug_str     0x00002335      0xd50 build/fs.o
 .debug_str     0x00002335      0x70c build/inode.o
 .debug_str     0x00002335      0x911 build/file.o
 .debug_str     0x00002335      0x7b7 build/dir.o
 .debug_str     0x00002335      0x5fe build/fork.o
 .debug_str     0x00002335      0x33f build/shell.o
 .debug_str     0x00002335      0x3c6 build/buildin_cmd.o
 .debug_str     0x00002335      0x60f build/exec.o
 .debug_str     0x00002335      0x12f build/assert.o
 .debug_str     0x00002335      0x565 build/wait_exit.o
 .debug_str     0x00002335      0x4bf build/pipe.o

.debug_loc      0x00000000        0x0
 *(.debug_loc)
 .debug_loc     0x00000000        0x0 build/kernel.o
 .debug_loc     0x00000000        0x0 build/print.o
 .debug_loc     0x00000000        0x0 build/switch.o

.debug_macinfo
 *(.debug_macinfo)

.debug_weaknames
 *(.debug_weaknames)

.debug_funcnames
 *(.debug_funcnames)

.debug_typenames
 *(.debug_typenames)

.debug_varnames
 *(.debug_varnames)

.debug_pubtypes
 *(.debug_pubtypes)

.debug_ranges
 *(.debug_ranges)

.debug_addr
 *(.debug_addr)

.debug_line_str
                0x00000000      0x377
 *(.debug_line_str)
 .debug_line_str
                0x00000000      0x377 build/main.o
                                 0xf2 (size before relaxing)
 .debug_line_str
                0x00000377       0xc3 build/init.o
 .debug_line_str
                0x00000377       0x7b build/interrupt.o
 .debug_line_str
                0x00000377       0xa7 build/timer.o
 .debug_line_str
                0x00000377       0x6a build/debug.o
 .debug_line_str
                0x00000377       0x56 build/string.o
 .debug_line_str
                0x00000377       0x77 build/bitmap.o
 .debug_line_str
                0x00000377       0xae build/memory.o
 .debug_line_str
                0x00000377       0xd8 build/thread.o
 .debug_line_str
                0x00000377       0x6a build/list.o
 .debug_line_str
                0x00000377       0x97 build/sync.o
 .debug_line_str
                0x00000377       0x9b build/console.o
 .debug_line_str
                0x00000377       0xc4 build/keyboard.o
 .debug_line_str
                0x00000377       0xb1 build/ioqueue.o
 .debug_line_str
                0x00000377       0x9e build/tss.o
 .debug_line_str
                0x00000377       0xc4 build/process.o
 .debug_line_str
                0x00000377       0x77 build/syscall.o
 .debug_line_str
                0x00000377       0xe9 build/syscall-init.o
 .debug_line_str
                0x00000377       0x65 build/stdio.o
 .debug_line_str
                0x00000377       0x81 build/stdio-kernel.o
 .debug_line_str
                0x00000377       0xce build/ide.o
 .debug_line_str
                0x00000377       0xfd build/fs.o
 .debug_line_str
                0x00000377       0xd1 build/inode.o
 .debug_line_str
                0x00000377       0xe3 build/file.o
 .debug_line_str
                0x00000377       0xd4 build/dir.o
 .debug_line_str
                0x00000377       0xcd build/fork.o
 .debug_line_str
                0x00000377       0xab build/shell.o
 .debug_line_str
                0x00000377       0xb8 build/buildin_cmd.o
 .debug_line_str
                0x00000377       0x98 build/exec.o
 .debug_line_str
                0x00000377       0x5a build/assert.o
 .debug_line_str
                0x00000377       0xc2 build/wait_exit.o
 .debug_line_str
                0x00000377       0xb0 build/pipe.o

.debug_loclists
 *(.debug_loclists)

.debug_macro
 *(.debug_macro)

.debug_names
 *(.debug_names)

.debug_rnglists
                0x00000000       0x5a
 *(.debug_rnglists)
 .debug_rnglists
                0x00000000       0x22 build/keyboard.o
 .debug_rnglists
                0x00000022       0x1c build/dir.o
 .debug_rnglists
                0x0000003e       0x1c build/shell.o

.debug_str_offsets
 *(.debug_str_offsets)

.debug_sup
 *(.debug_sup)

.gnu.attributes
 *(.gnu.attributes)

/DISCARD/
 *(.note.GNU-stack)
 *(.gnu_debuglink)
 *(.gnu.lto_*)
OUTPUT(build/kernel.bin elf32-i386)
