
Discarded input sections

 .group         0x00000000        0x8 build/main.o
 .note.GNU-stack
                0x00000000        0x0 build/main.o
 .group         0x00000000        0x8 build/init.o
 .text.__x86.get_pc_thunk.bx
                0x00000000        0x4 build/init.o
 .note.GNU-stack
                0x00000000        0x0 build/init.o
 .group         0x00000000        0x8 build/interrupt.o
 .group         0x00000000        0x8 build/interrupt.o
 .text.__x86.get_pc_thunk.bx
                0x00000000        0x4 build/interrupt.o
 .note.GNU-stack
                0x00000000        0x0 build/interrupt.o
 .group         0x00000000        0x8 build/timer.o
 .group         0x00000000        0x8 build/timer.o
 .text.__x86.get_pc_thunk.ax
                0x00000000        0x4 build/timer.o
 .text.__x86.get_pc_thunk.bx
                0x00000000        0x4 build/timer.o
 .note.GNU-stack
                0x00000000        0x0 build/timer.o
 .group         0x00000000        0x8 build/debug.o
 .text.__x86.get_pc_thunk.bx
                0x00000000        0x4 build/debug.o
 .note.GNU-stack
                0x00000000        0x0 build/debug.o
 .group         0x00000000        0x8 build/string.o
 .text.__x86.get_pc_thunk.ax
                0x00000000        0x4 build/string.o
 .note.GNU-stack
                0x00000000        0x0 build/string.o
 .group         0x00000000        0x8 build/memory.o
 .group         0x00000000        0x8 build/memory.o
 .text.__x86.get_pc_thunk.ax
                0x00000000        0x4 build/memory.o
 .text.__x86.get_pc_thunk.bx
                0x00000000        0x4 build/memory.o
 .note.GNU-stack
                0x00000000        0x0 build/memory.o
 .group         0x00000000        0x8 build/bitmap.o
 .text.__x86.get_pc_thunk.ax
                0x00000000        0x4 build/bitmap.o
 .note.GNU-stack
                0x00000000        0x0 build/bitmap.o
 .group         0x00000000        0x8 build/thread.o
 .group         0x00000000        0x8 build/thread.o
 .group         0x00000000        0x8 build/thread.o
 .text.__x86.get_pc_thunk.ax
                0x00000000        0x4 build/thread.o
 .text.__x86.get_pc_thunk.bx
                0x00000000        0x4 build/thread.o
 .note.GNU-stack
                0x00000000        0x0 build/thread.o
 .group         0x00000000        0x8 build/list.o
 .group         0x00000000        0x8 build/list.o
 .text.__x86.get_pc_thunk.ax
                0x00000000        0x4 build/list.o
 .text.__x86.get_pc_thunk.bx
                0x00000000        0x4 build/list.o
 .note.GNU-stack
                0x00000000        0x0 build/list.o
 .group         0x00000000        0x8 build/sync.o
 .group         0x00000000        0x8 build/sync.o
 .text.__x86.get_pc_thunk.ax
                0x00000000        0x4 build/sync.o
 .text.__x86.get_pc_thunk.bx
                0x00000000        0x4 build/sync.o
 .note.GNU-stack
                0x00000000        0x0 build/sync.o
 .group         0x00000000        0x8 build/console.o
 .group         0x00000000        0x8 build/console.o
 .text.__x86.get_pc_thunk.ax
                0x00000000        0x4 build/console.o
 .text.__x86.get_pc_thunk.bx
                0x00000000        0x4 build/console.o
 .note.GNU-stack
                0x00000000        0x0 build/console.o
 .group         0x00000000        0x8 build/keyboard.o
 .group         0x00000000        0x8 build/keyboard.o
 .text.__x86.get_pc_thunk.ax
                0x00000000        0x4 build/keyboard.o
 .text.__x86.get_pc_thunk.bx
                0x00000000        0x4 build/keyboard.o
 .note.GNU-stack
                0x00000000        0x0 build/keyboard.o
 .group         0x00000000        0x8 build/ioqueue.o
 .group         0x00000000        0x8 build/ioqueue.o
 .text.__x86.get_pc_thunk.ax
                0x00000000        0x4 build/ioqueue.o
 .text.__x86.get_pc_thunk.bx
                0x00000000        0x4 build/ioqueue.o
 .note.GNU-stack
                0x00000000        0x0 build/ioqueue.o
 .group         0x00000000        0x8 build/tss.o
 .group         0x00000000        0x8 build/tss.o
 .text.__x86.get_pc_thunk.ax
                0x00000000        0x4 build/tss.o
 .text.__x86.get_pc_thunk.bx
                0x00000000        0x4 build/tss.o
 .note.GNU-stack
                0x00000000        0x0 build/tss.o

Memory Configuration

Name             Origin             Length             Attributes
*default*        0x00000000         0xffffffff

Linker script and memory map

Address of section .text set to 0xc0001500
LOAD build/main.o
LOAD build/init.o
LOAD build/interrupt.o
LOAD build/timer.o
LOAD build/kernel.o
LOAD build/print.o
LOAD build/switch.o
LOAD build/debug.o
LOAD build/string.o
LOAD build/memory.o
LOAD build/bitmap.o
LOAD build/thread.o
LOAD build/list.o
LOAD build/sync.o
LOAD build/console.o
LOAD build/keyboard.o
LOAD build/ioqueue.o
LOAD build/tss.o
                [!provide]                        PROVIDE (__executable_start = SEGMENT_START ("text-segment", 0x8048000))
                0x080480f4                        . = (SEGMENT_START ("text-segment", 0x8048000) + SIZEOF_HEADERS)

.interp
 *(.interp)

.note.gnu.build-id
 *(.note.gnu.build-id)

.hash
 *(.hash)

.gnu.hash
 *(.gnu.hash)

.dynsym
 *(.dynsym)

.dynstr
 *(.dynstr)

.gnu.version
 *(.gnu.version)

.gnu.version_d
 *(.gnu.version_d)

.gnu.version_r
 *(.gnu.version_r)

.rel.dyn        0x080480f4        0x0
 *(.rel.init)
 *(.rel.text .rel.text.* .rel.gnu.linkonce.t.*)
 *(.rel.fini)
 *(.rel.rodata .rel.rodata.* .rel.gnu.linkonce.r.*)
 *(.rel.data.rel.ro .rel.data.rel.ro.* .rel.gnu.linkonce.d.rel.ro.*)
 *(.rel.data .rel.data.* .rel.gnu.linkonce.d.*)
 *(.rel.tdata .rel.tdata.* .rel.gnu.linkonce.td.*)
 *(.rel.tbss .rel.tbss.* .rel.gnu.linkonce.tb.*)
 *(.rel.ctors)
 *(.rel.dtors)
 *(.rel.got)
 .rel.got       0x080480f4        0x0 build/main.o
 *(.rel.bss .rel.bss.* .rel.gnu.linkonce.b.*)
 *(.rel.ifunc)

.rel.plt        0x080480f4        0x0
 *(.rel.plt)
                [!provide]                        PROVIDE (__rel_iplt_start = .)
 *(.rel.iplt)
 .rel.iplt      0x080480f4        0x0 build/main.o
                [!provide]                        PROVIDE (__rel_iplt_end = .)

.relr.dyn
 *(.relr.dyn)
                0x08049000                        . = ALIGN (CONSTANT (MAXPAGESIZE))

.init
 *(SORT_NONE(.init))

.plt            0x08049000        0x0
 *(.plt)
 *(.iplt)
 .iplt          0x08049000        0x0 build/main.o

.plt.got
 *(.plt.got)

.plt.sec
 *(.plt.sec)

.text           0xc0001500     0x318a
 *(.text.unlikely .text.*_unlikely .text.unlikely.*)
 *(.text.exit .text.exit.*)
 *(.text.startup .text.startup.*)
 *(.text.hot .text.hot.*)
 *(SORT_BY_NAME(.text.sorted.*))
 *(.text .stub .text.* .gnu.linkonce.t.*)
 .text          0xc0001500      0x125 build/main.o
                0xc0001500                main
                0xc0001539                k_thread_function_a
                0xc00015af                k_thread_function_b
 .text.__x86.get_pc_thunk.bx
                0xc0001625        0x4 build/main.o
                0xc0001625                __x86.get_pc_thunk.bx
 .text          0xc0001629       0x4d build/init.o
                0xc0001629                init_all
 .text          0xc0001676      0x507 build/interrupt.o
                0xc000169f                intr_enable
                0xc00016d2                intr_disable
                0xc0001704                intr_get_status
                0xc000172b                intr_set_status
                0xc0001aee                idt_init
                0xc0001b56                register_handler
 .text.__x86.get_pc_thunk.ax
                0xc0001b7d        0x4 build/interrupt.o
                0xc0001b7d                __x86.get_pc_thunk.ax
 .text          0xc0001b81      0x1b4 build/timer.o
                0xc0001ccd                timer_init
 *fill*         0xc0001d35        0xb 
 .text          0xc0001d40      0x541 build/kernel.o
                0xc0001d40                intr_exit
 *fill*         0xc0002281        0xf 
 .text          0xc0002290      0x14e build/print.o
                0xc0002290                put_int
                0xc00022f3                put_str
                0xc0002311                put_char
                0xc00023c0                set_cursor
 *fill*         0xc00023de        0x2 
 .text          0xc00023e0       0x15 build/switch.o
                0xc00023e0                switch_to
 .text          0xc00023f5       0xe1 build/debug.o
                0xc00023f5                panic_spin
 .text          0xc00024d6      0x480 build/string.o
                0xc00024d6                memset
                0xc000253f                memcpy
                0xc00025b7                memcmp
                0xc000262f                strcpy
                0xc000269a                strlen
                0xc00026f7                strcmp
                0xc0002786                strchr
                0xc00027f1                strrchr
                0xc0002861                strcat
                0xc00028e1                strchrs
 .text          0xc0002956      0x5d5 build/memory.o
                0xc0002db7                malloc_page
                0xc0002e8d                get_kernel_pages
                0xc0002ed7                mem_init
 .text          0xc0002f2b      0x254 build/bitmap.o
                0xc0002f2b                bitmap_init
                0xc0002f5e                bitmap_scan_test
                0xc0002fa7                bitmap_scan
                0xc00030b7                bitmap_set
 .text          0xc000317f      0x5fe build/thread.o
                0xc0003244                running_thread
                0xc0003263                thread_create
                0xc00032e7                init_thread
                0xc000338a                thread_start
                0xc0003486                schedule
                0xc00035c2                thread_block
                0xc000363a                thread_unblock
                0xc0003718                thread_init
 .text.__x86.get_pc_thunk.dx
                0xc000377d        0x4 build/thread.o
                0xc000377d                __x86.get_pc_thunk.dx
 .text          0xc0003781      0x25e build/list.o
                0xc0003781                list_init
                0xc00037b9                list_insert_before
                0xc000380d                list_push
                0xc0003835                list_append
                0xc000385d                list_remove
                0xc00038a6                list_pop
                0xc00038d2                list_find
                0xc0003917                list_empty
                0xc000393a                list_length
                0xc0003979                list_traversal
 .text          0xc00039df      0x350 build/sync.o
                0xc00039df                semaphore_init
                0xc0003a19                lock_init
                0xc0003a53                semaphore_down
                0xc0003b2e                semaphore_up
                0xc0003bf8                lock_acquire
                0xc0003c80                lock_release
 .text          0xc0003d2f      0x119 build/console.o
                0xc0003d2f                console_init
                0xc0003d5a                console_acquire
                0xc0003d85                console_release
                0xc0003db0                console_put_str
                0xc0003de0                console_put_char
                0xc0003e18                console_put_int
 .text          0xc0003e48      0x310 build/keyboard.o
                0xc00040f6                keyboard_init
 .text          0xc0004158      0x380 build/ioqueue.o
                0xc0004158                ioqueue_init
                0xc00041d2                ioq_full
                0xc0004233                ioq_empty
                0xc000433d                ioq_getchar
                0xc0004409                ioq_putchar
 .text          0xc00044d8      0x1b2 build/tss.o
                0xc00044d8                update_tss_esp
                0xc0004569                tss_init
 *(.gnu.warning)

.fini
 *(SORT_NONE(.fini))
                [!provide]                        PROVIDE (__etext = .)
                [!provide]                        PROVIDE (_etext = .)
                [!provide]                        PROVIDE (etext = .)
                0xc0005000                        . = ALIGN (CONSTANT (MAXPAGESIZE))
                0xc0005000                        . = SEGMENT_START ("rodata-segment", (ALIGN (CONSTANT (MAXPAGESIZE)) + (. & (CONSTANT (MAXPAGESIZE) - 0x1))))

.rodata         0xc0005000      0xa23
 *(.rodata .rodata.* .gnu.linkonce.r.*)
 .rodata        0xc0005000        0xe build/main.o
 .rodata        0xc000500e        0xb build/init.o
 *fill*         0xc0005019        0x3 
 .rodata        0xc000501c      0x2b8 build/interrupt.o
 .rodata        0xc00052d4       0x6f build/timer.o
 .rodata        0xc0005343       0x3c build/debug.o
 *fill*         0xc000537f        0x1 
 .rodata        0xc0005380       0xb4 build/string.o
 .rodata        0xc0005434      0x114 build/memory.o
 .rodata        0xc0005548       0x3b build/bitmap.o
 *fill*         0xc0005583        0x1 
 .rodata        0xc0005584      0x2a3 build/thread.o
 *fill*         0xc0005827        0x1 
 .rodata        0xc0005828       0xf9 build/sync.o
 .rodata        0xc0005921       0x35 build/keyboard.o
 *fill*         0xc0005956        0x2 
 .rodata        0xc0005958       0xa8 build/ioqueue.o
 .rodata        0xc0005a00       0x23 build/tss.o

.rodata1
 *(.rodata1)

.eh_frame_hdr
 *(.eh_frame_hdr)
 *(.eh_frame_entry .eh_frame_entry.*)

.eh_frame       0xc0005a24      0xcf8
 *(.eh_frame)
 .eh_frame      0xc0005a24       0x8c build/main.o
 .eh_frame      0xc0005ab0       0x24 build/init.o
                                 0x50 (size before relaxing)
 .eh_frame      0xc0005ad4      0x1c4 build/interrupt.o
                                0x1f0 (size before relaxing)
 .eh_frame      0xc0005c98       0x94 build/timer.o
                                 0xd4 (size before relaxing)
 .eh_frame      0xc0005d2c       0x1c build/debug.o
                                 0x48 (size before relaxing)
 .eh_frame      0xc0005d48      0x168 build/string.o
                                0x194 (size before relaxing)
 .eh_frame      0xc0005eb0      0x184 build/memory.o
                                0x1c4 (size before relaxing)
 .eh_frame      0xc0006034       0x8c build/bitmap.o
                                 0xb8 (size before relaxing)
 .eh_frame      0xc00060c0      0x174 build/thread.o
                                0x1b4 (size before relaxing)
 .eh_frame      0xc0006234      0x148 build/list.o
                                0x188 (size before relaxing)
 .eh_frame      0xc000637c       0xd8 build/sync.o
                                0x118 (size before relaxing)
 .eh_frame      0xc0006454       0xd8 build/console.o
                                0x118 (size before relaxing)
 .eh_frame      0xc000652c       0x68 build/keyboard.o
                                 0xa8 (size before relaxing)
 .eh_frame      0xc0006594      0x11c build/ioqueue.o
                                0x15c (size before relaxing)
 .eh_frame      0xc00066b0       0x6c build/tss.o
                                 0xac (size before relaxing)
 *(.eh_frame.*)

.sframe
 *(.sframe)
 *(.sframe.*)

.gcc_except_table
 *(.gcc_except_table .gcc_except_table.*)

.gnu_extab
 *(.gnu_extab*)

.exception_ranges
 *(.exception_ranges*)
                0xc0007ff4                        . = DATA_SEGMENT_ALIGN (CONSTANT (MAXPAGESIZE), CONSTANT (COMMONPAGESIZE))

.eh_frame
 *(.eh_frame)
 *(.eh_frame.*)

.sframe
 *(.sframe)
 *(.sframe.*)

.gnu_extab
 *(.gnu_extab)

.gcc_except_table
 *(.gcc_except_table .gcc_except_table.*)

.exception_ranges
 *(.exception_ranges*)

.tdata          0xc0007ff4        0x0
                [!provide]                        PROVIDE (__tdata_start = .)
 *(.tdata .tdata.* .gnu.linkonce.td.*)

.tbss
 *(.tbss .tbss.* .gnu.linkonce.tb.*)
 *(.tcommon)

.preinit_array  0xc0007ff4        0x0
                [!provide]                        PROVIDE (__preinit_array_start = .)
 *(.preinit_array)
                [!provide]                        PROVIDE (__preinit_array_end = .)

.init_array     0xc0007ff4        0x0
                [!provide]                        PROVIDE (__init_array_start = .)
 *(SORT_BY_INIT_PRIORITY(.init_array.*) SORT_BY_INIT_PRIORITY(.ctors.*))
 *(.init_array EXCLUDE_FILE(*crtend?.o *crtend.o *crtbegin?.o *crtbegin.o) .ctors)
                [!provide]                        PROVIDE (__init_array_end = .)

.fini_array     0xc0007ff4        0x0
                [!provide]                        PROVIDE (__fini_array_start = .)
 *(SORT_BY_INIT_PRIORITY(.fini_array.*) SORT_BY_INIT_PRIORITY(.dtors.*))
 *(.fini_array EXCLUDE_FILE(*crtend?.o *crtend.o *crtbegin?.o *crtbegin.o) .dtors)
                [!provide]                        PROVIDE (__fini_array_end = .)

.ctors
 *crtbegin.o(.ctors)
 *crtbegin?.o(.ctors)
 *(EXCLUDE_FILE(*crtend?.o *crtend.o) .ctors)
 *(SORT_BY_NAME(.ctors.*))
 *(.ctors)

.dtors
 *crtbegin.o(.dtors)
 *crtbegin?.o(.dtors)
 *(EXCLUDE_FILE(*crtend?.o *crtend.o) .dtors)
 *(SORT_BY_NAME(.dtors.*))
 *(.dtors)

.jcr
 *(.jcr)

.data.rel.ro
 *(.data.rel.ro.local* .gnu.linkonce.d.rel.ro.local.*)
 *(.data.rel.ro .data.rel.ro.* .gnu.linkonce.d.rel.ro.*)

.dynamic
 *(.dynamic)

.got            0xc0007ff4        0x0
 *(.got)
 .got           0xc0007ff4        0x0 build/main.o
 *(.igot)
                0xc0007ff4                        . = DATA_SEGMENT_RELRO_END (., (SIZEOF (.got.plt) >= 0xc)?0xc:0x0)

.got.plt        0xc0007ff4        0xc
 *(.got.plt)
 .got.plt       0xc0007ff4        0xc build/main.o
                0xc0007ff4                _GLOBAL_OFFSET_TABLE_
 *(.igot.plt)
 .igot.plt      0xc0008000        0x0 build/main.o

.data           0xc0008000      0x156
 *(.data .data.* .gnu.linkonce.d.*)
 .data          0xc0008000        0x0 build/main.o
 .data          0xc0008000        0x0 build/init.o
 .data          0xc0008000        0x0 build/interrupt.o
 .data          0xc0008000        0x0 build/timer.o
 .data          0xc0008000       0xd2 build/kernel.o
                0xc0008012                intr_entry_table
 *fill*         0xc00080d2        0x2 
 .data          0xc00080d4        0x8 build/print.o
 .data          0xc00080dc        0x0 build/debug.o
 .data          0xc00080dc        0x0 build/string.o
 .data          0xc00080dc        0x0 build/memory.o
 .data          0xc00080dc        0x0 build/bitmap.o
 .data          0xc00080dc        0x0 build/thread.o
 .data          0xc00080dc        0x0 build/list.o
 .data          0xc00080dc        0x0 build/sync.o
 .data          0xc00080dc        0x0 build/console.o
 *fill*         0xc00080dc        0x4 
 .data          0xc00080e0       0x76 build/keyboard.o
                0xc00080e0                keymap
 .data          0xc0008156        0x0 build/ioqueue.o
 .data          0xc0008156        0x0 build/tss.o

.data1
 *(.data1)
                0xc0008156                        _edata = .
                [!provide]                        PROVIDE (edata = .)
                0xc0008158                        . = ALIGN (ALIGNOF (NEXT_SECTION))
                0xc0008160                        __bss_start = .

.bss            0xc0008160      0x48c
 *(.dynbss)
 *(.bss .bss.* .gnu.linkonce.b.*)
 .bss           0xc0008160        0x0 build/main.o
 .bss           0xc0008160        0x0 build/init.o
 .bss           0xc0008160      0x300 build/interrupt.o
                0xc0008160                intr_name
                0xc0008220                idt_table
 .bss           0xc0008460        0x4 build/timer.o
                0xc0008460                ticks
 .bss           0xc0008464        0x0 build/debug.o
 .bss           0xc0008464        0x0 build/string.o
 .bss           0xc0008464       0x2c build/memory.o
                0xc0008464                kernel_pool
                0xc0008474                user_pool
                0xc0008484                kernel_addr
 .bss           0xc0008490        0x0 build/bitmap.o
 .bss           0xc0008490       0x28 build/thread.o
                0xc0008490                main_thread
                0xc0008494                thread_ready_list
                0xc00084a4                thread_all_list
 .bss           0xc00084b8        0x0 build/list.o
 .bss           0xc00084b8        0x0 build/sync.o
 .bss           0xc00084b8       0x1c build/console.o
 *fill*         0xc00084d4        0xc 
 .bss           0xc00084e0       0x8c build/keyboard.o
                0xc00084e0                ctrl_status
                0xc00084e4                shift_status
                0xc00084e8                alt_status
                0xc00084ec                caps_lock_status
                0xc00084f0                ext_scancode
                0xc0008500                kbd_buf
 .bss           0xc000856c        0x0 build/ioqueue.o
 *fill*         0xc000856c       0x14 
 .bss           0xc0008580       0x6c build/tss.o
 *(COMMON)
                0xc00085ec                        . = ALIGN ((. != 0x0)?0x4:0x1)
                0xc00085ec                        . = ALIGN (0x4)
                0xc00085ec                        . = SEGMENT_START ("ldata-segment", .)
                0xc00085ec                        . = ALIGN (0x4)
                0xc00085ec                        _end = .
                [!provide]                        PROVIDE (end = .)
                0xc00085ec                        . = DATA_SEGMENT_END (.)

.stab
 *(.stab)

.stabstr
 *(.stabstr)

.stab.excl
 *(.stab.excl)

.stab.exclstr
 *(.stab.exclstr)

.stab.index
 *(.stab.index)

.stab.indexstr
 *(.stab.indexstr)

.comment        0x00000000       0x26
 *(.comment)
 .comment       0x00000000       0x26 build/main.o
                                 0x27 (size before relaxing)
 .comment       0x00000026       0x27 build/init.o
 .comment       0x00000026       0x27 build/interrupt.o
 .comment       0x00000026       0x27 build/timer.o
 .comment       0x00000026       0x27 build/debug.o
 .comment       0x00000026       0x27 build/string.o
 .comment       0x00000026       0x27 build/memory.o
 .comment       0x00000026       0x27 build/bitmap.o
 .comment       0x00000026       0x27 build/thread.o
 .comment       0x00000026       0x27 build/list.o
 .comment       0x00000026       0x27 build/sync.o
 .comment       0x00000026       0x27 build/console.o
 .comment       0x00000026       0x27 build/keyboard.o
 .comment       0x00000026       0x27 build/ioqueue.o
 .comment       0x00000026       0x27 build/tss.o

.gnu.build.attributes
 *(.gnu.build.attributes .gnu.build.attributes.*)

.debug
 *(.debug)

.line
 *(.line)

.debug_srcinfo
 *(.debug_srcinfo)

.debug_sfnames
 *(.debug_sfnames)

.debug_aranges
 *(.debug_aranges)

.debug_pubnames
 *(.debug_pubnames)

.debug_info
 *(.debug_info .gnu.linkonce.wi.*)

.debug_abbrev
 *(.debug_abbrev)

.debug_line
 *(.debug_line .debug_line.* .debug_line_end)

.debug_frame
 *(.debug_frame)

.debug_str
 *(.debug_str)

.debug_loc
 *(.debug_loc)

.debug_macinfo
 *(.debug_macinfo)

.debug_weaknames
 *(.debug_weaknames)

.debug_funcnames
 *(.debug_funcnames)

.debug_typenames
 *(.debug_typenames)

.debug_varnames
 *(.debug_varnames)

.debug_pubtypes
 *(.debug_pubtypes)

.debug_ranges
 *(.debug_ranges)

.debug_addr
 *(.debug_addr)

.debug_line_str
 *(.debug_line_str)

.debug_loclists
 *(.debug_loclists)

.debug_macro
 *(.debug_macro)

.debug_names
 *(.debug_names)

.debug_rnglists
 *(.debug_rnglists)

.debug_str_offsets
 *(.debug_str_offsets)

.debug_sup
 *(.debug_sup)

.gnu.attributes
 *(.gnu.attributes)

/DISCARD/
 *(.note.GNU-stack)
 *(.gnu_debuglink)
 *(.gnu.lto_*)
OUTPUT(build/kernel.bin elf32-i386)
