
Discarded input sections

 .group         0x00000000        0x8 build/main.o
 .note.GNU-stack
                0x00000000        0x0 build/main.o
 .group         0x00000000        0x8 build/init.o
 .text.__x86.get_pc_thunk.bx
                0x00000000        0x4 build/init.o
 .note.GNU-stack
                0x00000000        0x0 build/init.o
 .group         0x00000000        0x8 build/interrupt.o
 .group         0x00000000        0x8 build/interrupt.o
 .text.__x86.get_pc_thunk.bx
                0x00000000        0x4 build/interrupt.o
 .note.GNU-stack
                0x00000000        0x0 build/interrupt.o
 .group         0x00000000        0x8 build/timer.o
 .group         0x00000000        0x8 build/timer.o
 .text.__x86.get_pc_thunk.ax
                0x00000000        0x4 build/timer.o
 .text.__x86.get_pc_thunk.bx
                0x00000000        0x4 build/timer.o
 .note.GNU-stack
                0x00000000        0x0 build/timer.o
 .group         0x00000000        0x8 build/debug.o
 .text.__x86.get_pc_thunk.bx
                0x00000000        0x4 build/debug.o
 .note.GNU-stack
                0x00000000        0x0 build/debug.o
 .group         0x00000000        0x8 build/string.o
 .text.__x86.get_pc_thunk.ax
                0x00000000        0x4 build/string.o
 .note.GNU-stack
                0x00000000        0x0 build/string.o
 .group         0x00000000        0x8 build/memory.o
 .group         0x00000000        0x8 build/memory.o
 .text.__x86.get_pc_thunk.ax
                0x00000000        0x4 build/memory.o
 .text.__x86.get_pc_thunk.bx
                0x00000000        0x4 build/memory.o
 .note.GNU-stack
                0x00000000        0x0 build/memory.o
 .group         0x00000000        0x8 build/bitmap.o
 .text.__x86.get_pc_thunk.ax
                0x00000000        0x4 build/bitmap.o
 .note.GNU-stack
                0x00000000        0x0 build/bitmap.o
 .group         0x00000000        0x8 build/thread.o
 .group         0x00000000        0x8 build/thread.o
 .group         0x00000000        0x8 build/thread.o
 .text.__x86.get_pc_thunk.ax
                0x00000000        0x4 build/thread.o
 .text.__x86.get_pc_thunk.bx
                0x00000000        0x4 build/thread.o
 .note.GNU-stack
                0x00000000        0x0 build/thread.o
 .group         0x00000000        0x8 build/list.o
 .group         0x00000000        0x8 build/list.o
 .text.__x86.get_pc_thunk.ax
                0x00000000        0x4 build/list.o
 .text.__x86.get_pc_thunk.bx
                0x00000000        0x4 build/list.o
 .note.GNU-stack
                0x00000000        0x0 build/list.o

Memory Configuration

Name             Origin             Length             Attributes
*default*        0x00000000         0xffffffff

Linker script and memory map

Address of section .text set to 0xc0001500
LOAD build/main.o
LOAD build/init.o
LOAD build/interrupt.o
LOAD build/timer.o
LOAD build/kernel.o
LOAD build/print.o
LOAD build/debug.o
LOAD build/string.o
LOAD build/memory.o
LOAD build/bitmap.o
LOAD build/thread.o
LOAD build/list.o
LOAD build/switch.o
                [!provide]                        PROVIDE (__executable_start = SEGMENT_START ("text-segment", 0x8048000))
                0x080480f4                        . = (SEGMENT_START ("text-segment", 0x8048000) + SIZEOF_HEADERS)

.interp
 *(.interp)

.note.gnu.build-id
 *(.note.gnu.build-id)

.hash
 *(.hash)

.gnu.hash
 *(.gnu.hash)

.dynsym
 *(.dynsym)

.dynstr
 *(.dynstr)

.gnu.version
 *(.gnu.version)

.gnu.version_d
 *(.gnu.version_d)

.gnu.version_r
 *(.gnu.version_r)

.rel.dyn        0x080480f4        0x0
 *(.rel.init)
 *(.rel.text .rel.text.* .rel.gnu.linkonce.t.*)
 *(.rel.fini)
 *(.rel.rodata .rel.rodata.* .rel.gnu.linkonce.r.*)
 *(.rel.data.rel.ro .rel.data.rel.ro.* .rel.gnu.linkonce.d.rel.ro.*)
 *(.rel.data .rel.data.* .rel.gnu.linkonce.d.*)
 *(.rel.tdata .rel.tdata.* .rel.gnu.linkonce.td.*)
 *(.rel.tbss .rel.tbss.* .rel.gnu.linkonce.tb.*)
 *(.rel.ctors)
 *(.rel.dtors)
 *(.rel.got)
 .rel.got       0x080480f4        0x0 build/main.o
 *(.rel.bss .rel.bss.* .rel.gnu.linkonce.b.*)
 *(.rel.ifunc)

.rel.plt        0x080480f4        0x0
 *(.rel.plt)
                [!provide]                        PROVIDE (__rel_iplt_start = .)
 *(.rel.iplt)
 .rel.iplt      0x080480f4        0x0 build/main.o
                [!provide]                        PROVIDE (__rel_iplt_end = .)

.relr.dyn
 *(.relr.dyn)
                0x08049000                        . = ALIGN (CONSTANT (MAXPAGESIZE))

.init
 *(SORT_NONE(.init))

.plt            0x08049000        0x0
 *(.plt)
 *(.iplt)
 .iplt          0x08049000        0x0 build/main.o

.plt.got
 *(.plt.got)

.plt.sec
 *(.plt.sec)

.text           0xc0001500     0x2205
 *(.text.unlikely .text.*_unlikely .text.unlikely.*)
 *(.text.exit .text.exit.*)
 *(.text.startup .text.startup.*)
 *(.text.hot .text.hot.*)
 *(SORT_BY_NAME(.text.sorted.*))
 *(.text .stub .text.* .gnu.linkonce.t.*)
 .text          0xc0001500       0xcc build/main.o
                0xc0001500                main
                0xc0001588                test_thread_a
                0xc00015aa                test_thread_b
 .text.__x86.get_pc_thunk.bx
                0xc00015cc        0x4 build/main.o
                0xc00015cc                __x86.get_pc_thunk.bx
 .text          0xc00015d0       0x3e build/init.o
                0xc00015d0                init_all
 .text          0xc000160e      0x4f7 build/interrupt.o
                0xc00019bd                intr_enable
                0xc00019f0                intr_disable
                0xc0001a23                register_handler
                0xc0001a4a                intr_set_status
                0xc0001a72                intr_get_status
                0xc0001a99                idt_init
 .text.__x86.get_pc_thunk.ax
                0xc0001b05        0x4 build/interrupt.o
                0xc0001b05                __x86.get_pc_thunk.ax
 .text          0xc0001b09      0x1b4 build/timer.o
                0xc0001c55                timer_init
 *fill*         0xc0001cbd        0x3 
 .text          0xc0001cc0      0x396 build/kernel.o
                0xc0001cc0                intr_exit
 *fill*         0xc0002056        0xa 
 .text          0xc0002060      0x171 build/print.o
                0xc0002060                put_str
                0xc000207e                put_int
                0xc00020e1                put_char
                0xc0002190                set_cursor
                0xc00021ae                cls_screen
 .text          0xc00021d1       0xf5 build/debug.o
                0xc00021d1                panic_spin
 .text          0xc00022c6      0x49c build/string.o
                0xc00022c6                memset
                0xc000232e                memcpy
                0xc00023a4                memcmp
                0xc000243d                strcpy
                0xc00024a8                strlen
                0xc0002505                strcmp
                0xc0002594                strchr
                0xc00025fc                strrchr
                0xc0002670                strcat
                0xc00026f0                strchrs
 .text          0xc0002762      0x60c build/memory.o
                0xc0002762                vaddr_get
                0xc00027f8                pte_ptr
                0xc0002832                pde_ptr
                0xc0002858                palloc
                0xc00028bb                page_table_add
                0xc00029f3                malloc_page
                0xc0002ac9                get_kernel_pages
                0xc0002b13                mem_pool_init
                0xc0002d1a                mem_init
 .text          0xc0002d6e      0x272 build/bitmap.o
                0xc0002d6e                bitmap_init
                0xc0002da1                bitmap_scan_test
                0xc0002dea                bitmap_scan
                0xc0002f18                bitmap_set
 .text          0xc0002fe0      0x4a8 build/thread.o
                0xc0002fe0                runing_thread
                0xc0002fff                kernel_thread
                0xc000302b                thread_create
                0xc00030af                init_thread
                0xc0003152                thread_start
                0xc00032e7                schedule
                0xc0003423                thread_init
 .text.__x86.get_pc_thunk.dx
                0xc0003488        0x4 build/thread.o
                0xc0003488                __x86.get_pc_thunk.dx
 .text          0xc000348c      0x261 build/list.o
                0xc000348c                list_init
                0xc00034c4                list_insert_before
                0xc0003518                list_push
                0xc0003540                list_append
                0xc0003568                list_remove
                0xc00035b1                list_pop
                0xc00035dd                elem_find
                0xc0003622                list_traversal
                0xc000368b                list_len
                0xc00036ca                list_empty
 *fill*         0xc00036ed        0x3 
 .text          0xc00036f0       0x15 build/switch.o
                0xc00036f0                switch_to
 *(.gnu.warning)

.fini
 *(SORT_NONE(.fini))
                [!provide]                        PROVIDE (__etext = .)
                [!provide]                        PROVIDE (_etext = .)
                [!provide]                        PROVIDE (etext = .)
                0xc0004000                        . = ALIGN (CONSTANT (MAXPAGESIZE))
                0xc0004000                        . = SEGMENT_START ("rodata-segment", (ALIGN (CONSTANT (MAXPAGESIZE)) + (. & (CONSTANT (MAXPAGESIZE) - 0x1))))

.rodata         0xc0004000      0x7c9
 *(.rodata .rodata.* .gnu.linkonce.r.*)
 .rodata        0xc0004000       0x3f build/main.o
 .rodata        0xc000403f        0xd build/init.o
 .rodata        0xc000404c      0x2ed build/interrupt.o
 *fill*         0xc0004339        0x3 
 .rodata        0xc000433c       0x67 build/timer.o
 .rodata        0xc00043a3       0x3f build/debug.o
 *fill*         0xc00043e2        0x2 
 .rodata        0xc00043e4       0xe0 build/string.o
 .rodata        0xc00044c4      0x138 build/memory.o
 .rodata        0xc00045fc       0x4f build/bitmap.o
 *fill*         0xc000464b        0x1 
 .rodata        0xc000464c      0x17d build/thread.o

.rodata1
 *(.rodata1)

.eh_frame_hdr
 *(.eh_frame_hdr)
 *(.eh_frame_entry .eh_frame_entry.*)

.eh_frame       0xc00047cc      0x8ac
 *(.eh_frame)
 .eh_frame      0xc00047cc       0x8c build/main.o
 .eh_frame      0xc0004858       0x24 build/init.o
                                 0x50 (size before relaxing)
 .eh_frame      0xc000487c      0x1a4 build/interrupt.o
                                0x1d0 (size before relaxing)
 .eh_frame      0xc0004a20       0x94 build/timer.o
                                 0xd4 (size before relaxing)
 .eh_frame      0xc0004ab4       0x1c build/debug.o
                                 0x48 (size before relaxing)
 .eh_frame      0xc0004ad0      0x168 build/string.o
                                0x194 (size before relaxing)
 .eh_frame      0xc0004c38      0x13c build/memory.o
                                0x17c (size before relaxing)
 .eh_frame      0xc0004d74       0x90 build/bitmap.o
                                 0xbc (size before relaxing)
 .eh_frame      0xc0004e04      0x12c build/thread.o
                                0x16c (size before relaxing)
 .eh_frame      0xc0004f30      0x148 build/list.o
                                0x188 (size before relaxing)
 *(.eh_frame.*)

.sframe
 *(.sframe)
 *(.sframe.*)

.gcc_except_table
 *(.gcc_except_table .gcc_except_table.*)

.gnu_extab
 *(.gnu_extab*)

.exception_ranges
 *(.exception_ranges*)
                0xc0006ff4                        . = DATA_SEGMENT_ALIGN (CONSTANT (MAXPAGESIZE), CONSTANT (COMMONPAGESIZE))

.eh_frame
 *(.eh_frame)
 *(.eh_frame.*)

.sframe
 *(.sframe)
 *(.sframe.*)

.gnu_extab
 *(.gnu_extab)

.gcc_except_table
 *(.gcc_except_table .gcc_except_table.*)

.exception_ranges
 *(.exception_ranges*)

.tdata          0xc0006ff4        0x0
                [!provide]                        PROVIDE (__tdata_start = .)
 *(.tdata .tdata.* .gnu.linkonce.td.*)

.tbss
 *(.tbss .tbss.* .gnu.linkonce.tb.*)
 *(.tcommon)

.preinit_array  0xc0006ff4        0x0
                [!provide]                        PROVIDE (__preinit_array_start = .)
 *(.preinit_array)
                [!provide]                        PROVIDE (__preinit_array_end = .)

.init_array     0xc0006ff4        0x0
                [!provide]                        PROVIDE (__init_array_start = .)
 *(SORT_BY_INIT_PRIORITY(.init_array.*) SORT_BY_INIT_PRIORITY(.ctors.*))
 *(.init_array EXCLUDE_FILE(*crtend?.o *crtend.o *crtbegin?.o *crtbegin.o) .ctors)
                [!provide]                        PROVIDE (__init_array_end = .)

.fini_array     0xc0006ff4        0x0
                [!provide]                        PROVIDE (__fini_array_start = .)
 *(SORT_BY_INIT_PRIORITY(.fini_array.*) SORT_BY_INIT_PRIORITY(.dtors.*))
 *(.fini_array EXCLUDE_FILE(*crtend?.o *crtend.o *crtbegin?.o *crtbegin.o) .dtors)
                [!provide]                        PROVIDE (__fini_array_end = .)

.ctors
 *crtbegin.o(.ctors)
 *crtbegin?.o(.ctors)
 *(EXCLUDE_FILE(*crtend?.o *crtend.o) .ctors)
 *(SORT_BY_NAME(.ctors.*))
 *(.ctors)

.dtors
 *crtbegin.o(.dtors)
 *crtbegin?.o(.dtors)
 *(EXCLUDE_FILE(*crtend?.o *crtend.o) .dtors)
 *(SORT_BY_NAME(.dtors.*))
 *(.dtors)

.jcr
 *(.jcr)

.data.rel.ro
 *(.data.rel.ro.local* .gnu.linkonce.d.rel.ro.local.*)
 *(.data.rel.ro .data.rel.ro.* .gnu.linkonce.d.rel.ro.*)

.dynamic
 *(.dynamic)

.got            0xc0006ff4        0x0
 *(.got)
 .got           0xc0006ff4        0x0 build/main.o
 *(.igot)
                0xc0006ff4                        . = DATA_SEGMENT_RELRO_END (., (SIZEOF (.got.plt) >= 0xc)?0xc:0x0)

.got.plt        0xc0006ff4        0xc
 *(.got.plt)
 .got.plt       0xc0006ff4        0xc build/main.o
                0xc0006ff4                _GLOBAL_OFFSET_TABLE_
 *(.igot.plt)
 .igot.plt      0xc0007000        0x0 build/main.o

.data           0xc0007000       0x8c
 *(.data .data.* .gnu.linkonce.d.*)
 .data          0xc0007000        0x0 build/main.o
 .data          0xc0007000        0x0 build/init.o
 .data          0xc0007000        0x0 build/interrupt.o
 .data          0xc0007000        0x0 build/timer.o
 .data          0xc0007000       0x84 build/kernel.o
                0xc0007000                intr_entry_table
 .data          0xc0007084        0x8 build/print.o
 .data          0xc000708c        0x0 build/debug.o
 .data          0xc000708c        0x0 build/string.o
 .data          0xc000708c        0x0 build/memory.o
 .data          0xc000708c        0x0 build/bitmap.o
 .data          0xc000708c        0x0 build/thread.o
 .data          0xc000708c        0x0 build/list.o

.data1
 *(.data1)
                0xc000708c                        _edata = .
                [!provide]                        PROVIDE (edata = .)
                0xc000708c                        . = ALIGN (ALIGNOF (NEXT_SECTION))
                0xc00070a0                        __bss_start = .

.bss            0xc00070a0      0x2a0
 *(.dynbss)
 *(.bss .bss.* .gnu.linkonce.b.*)
 .bss           0xc00070a0        0x0 build/main.o
 .bss           0xc00070a0        0x0 build/init.o
 .bss           0xc00070a0      0x248 build/interrupt.o
                0xc00070a0                intr_name
                0xc0007140                idt_table
 .bss           0xc00072e8        0x4 build/timer.o
                0xc00072e8                ticks
 .bss           0xc00072ec        0x0 build/debug.o
 .bss           0xc00072ec        0x0 build/string.o
 .bss           0xc00072ec       0x2c build/memory.o
                0xc00072ec                kernel_pool
                0xc00072fc                user_pool
                0xc000730c                kernel_vaddr
 .bss           0xc0007318        0x0 build/bitmap.o
 .bss           0xc0007318       0x28 build/thread.o
                0xc0007318                main_thread
                0xc000731c                thread_ready_list
                0xc000732c                thread_all_list
 .bss           0xc0007340        0x0 build/list.o
 *(COMMON)
                0xc0007340                        . = ALIGN ((. != 0x0)?0x4:0x1)
                0xc0007340                        . = ALIGN (0x4)
                0xc0007340                        . = SEGMENT_START ("ldata-segment", .)
                0xc0007340                        . = ALIGN (0x4)
                0xc0007340                        _end = .
                [!provide]                        PROVIDE (end = .)
                0xc0007340                        . = DATA_SEGMENT_END (.)

.stab
 *(.stab)

.stabstr
 *(.stabstr)

.stab.excl
 *(.stab.excl)

.stab.exclstr
 *(.stab.exclstr)

.stab.index
 *(.stab.index)

.stab.indexstr
 *(.stab.indexstr)

.comment        0x00000000       0x26
 *(.comment)
 .comment       0x00000000       0x26 build/main.o
                                 0x27 (size before relaxing)
 .comment       0x00000026       0x27 build/init.o
 .comment       0x00000026       0x27 build/interrupt.o
 .comment       0x00000026       0x27 build/timer.o
 .comment       0x00000026       0x27 build/debug.o
 .comment       0x00000026       0x27 build/string.o
 .comment       0x00000026       0x27 build/memory.o
 .comment       0x00000026       0x27 build/bitmap.o
 .comment       0x00000026       0x27 build/thread.o
 .comment       0x00000026       0x27 build/list.o

.gnu.build.attributes
 *(.gnu.build.attributes .gnu.build.attributes.*)

.debug
 *(.debug)

.line
 *(.line)

.debug_srcinfo
 *(.debug_srcinfo)

.debug_sfnames
 *(.debug_sfnames)

.debug_aranges
 *(.debug_aranges)

.debug_pubnames
 *(.debug_pubnames)

.debug_info
 *(.debug_info .gnu.linkonce.wi.*)

.debug_abbrev
 *(.debug_abbrev)

.debug_line
 *(.debug_line .debug_line.* .debug_line_end)

.debug_frame
 *(.debug_frame)

.debug_str
 *(.debug_str)

.debug_loc
 *(.debug_loc)

.debug_macinfo
 *(.debug_macinfo)

.debug_weaknames
 *(.debug_weaknames)

.debug_funcnames
 *(.debug_funcnames)

.debug_typenames
 *(.debug_typenames)

.debug_varnames
 *(.debug_varnames)

.debug_pubtypes
 *(.debug_pubtypes)

.debug_ranges
 *(.debug_ranges)

.debug_addr
 *(.debug_addr)

.debug_line_str
 *(.debug_line_str)

.debug_loclists
 *(.debug_loclists)

.debug_macro
 *(.debug_macro)

.debug_names
 *(.debug_names)

.debug_rnglists
 *(.debug_rnglists)

.debug_str_offsets
 *(.debug_str_offsets)

.debug_sup
 *(.debug_sup)

.gnu.attributes
 *(.gnu.attributes)

/DISCARD/
 *(.note.GNU-stack)
 *(.gnu_debuglink)
 *(.gnu.lto_*)
OUTPUT(build/kernel.bin elf32-i386)
