
Discarded input sections

 .group         0x00000000        0x8 build/main.o
 .note.GNU-stack
                0x00000000        0x0 build/main.o
 .group         0x00000000        0x8 build/init.o
 .text.__x86.get_pc_thunk.bx
                0x00000000        0x4 build/init.o
 .note.GNU-stack
                0x00000000        0x0 build/init.o
 .group         0x00000000        0x8 build/interrupt.o
 .group         0x00000000        0x8 build/interrupt.o
 .text.__x86.get_pc_thunk.bx
                0x00000000        0x4 build/interrupt.o
 .note.GNU-stack
                0x00000000        0x0 build/interrupt.o
 .group         0x00000000        0x8 build/timer.o
 .group         0x00000000        0x8 build/timer.o
 .text.__x86.get_pc_thunk.ax
                0x00000000        0x4 build/timer.o
 .text.__x86.get_pc_thunk.bx
                0x00000000        0x4 build/timer.o
 .note.GNU-stack
                0x00000000        0x0 build/timer.o
 .group         0x00000000        0x8 build/debug.o
 .text.__x86.get_pc_thunk.bx
                0x00000000        0x4 build/debug.o
 .note.GNU-stack
                0x00000000        0x0 build/debug.o
 .group         0x00000000        0x8 build/string.o
 .text.__x86.get_pc_thunk.ax
                0x00000000        0x4 build/string.o
 .note.GNU-stack
                0x00000000        0x0 build/string.o
 .group         0x00000000        0x8 build/memory.o
 .group         0x00000000        0x8 build/memory.o
 .text.__x86.get_pc_thunk.ax
                0x00000000        0x4 build/memory.o
 .text.__x86.get_pc_thunk.bx
                0x00000000        0x4 build/memory.o
 .note.GNU-stack
                0x00000000        0x0 build/memory.o
 .group         0x00000000        0x8 build/bitmap.o
 .text.__x86.get_pc_thunk.ax
                0x00000000        0x4 build/bitmap.o
 .note.GNU-stack
                0x00000000        0x0 build/bitmap.o
 .group         0x00000000        0x8 build/thread.o
 .group         0x00000000        0x8 build/thread.o
 .group         0x00000000        0x8 build/thread.o
 .text.__x86.get_pc_thunk.ax
                0x00000000        0x4 build/thread.o
 .text.__x86.get_pc_thunk.bx
                0x00000000        0x4 build/thread.o
 .note.GNU-stack
                0x00000000        0x0 build/thread.o
 .group         0x00000000        0x8 build/list.o
 .group         0x00000000        0x8 build/list.o
 .text.__x86.get_pc_thunk.ax
                0x00000000        0x4 build/list.o
 .text.__x86.get_pc_thunk.bx
                0x00000000        0x4 build/list.o
 .note.GNU-stack
                0x00000000        0x0 build/list.o
 .group         0x00000000        0x8 build/sync.o
 .group         0x00000000        0x8 build/sync.o
 .text.__x86.get_pc_thunk.ax
                0x00000000        0x4 build/sync.o
 .text.__x86.get_pc_thunk.bx
                0x00000000        0x4 build/sync.o
 .note.GNU-stack
                0x00000000        0x0 build/sync.o
 .group         0x00000000        0x8 build/console.o
 .group         0x00000000        0x8 build/console.o
 .text.__x86.get_pc_thunk.ax
                0x00000000        0x4 build/console.o
 .text.__x86.get_pc_thunk.bx
                0x00000000        0x4 build/console.o
 .note.GNU-stack
                0x00000000        0x0 build/console.o
 .group         0x00000000        0x8 build/keyboard.o
 .group         0x00000000        0x8 build/keyboard.o
 .text.__x86.get_pc_thunk.ax
                0x00000000        0x4 build/keyboard.o
 .text.__x86.get_pc_thunk.bx
                0x00000000        0x4 build/keyboard.o
 .note.GNU-stack
                0x00000000        0x0 build/keyboard.o
 .group         0x00000000        0x8 build/ioqueue.o
 .group         0x00000000        0x8 build/ioqueue.o
 .text.__x86.get_pc_thunk.ax
                0x00000000        0x4 build/ioqueue.o
 .text.__x86.get_pc_thunk.bx
                0x00000000        0x4 build/ioqueue.o
 .note.GNU-stack
                0x00000000        0x0 build/ioqueue.o
 .group         0x00000000        0x8 build/tss.o
 .group         0x00000000        0x8 build/tss.o
 .text.__x86.get_pc_thunk.ax
                0x00000000        0x4 build/tss.o
 .text.__x86.get_pc_thunk.bx
                0x00000000        0x4 build/tss.o
 .note.GNU-stack
                0x00000000        0x0 build/tss.o
 .group         0x00000000        0x8 build/process.o
 .group         0x00000000        0x8 build/process.o
 .text.__x86.get_pc_thunk.ax
                0x00000000        0x4 build/process.o
 .text.__x86.get_pc_thunk.bx
                0x00000000        0x4 build/process.o
 .note.GNU-stack
                0x00000000        0x0 build/process.o
 .group         0x00000000        0x8 build/syscall-init.o
 .group         0x00000000        0x8 build/syscall-init.o
 .text.__x86.get_pc_thunk.ax
                0x00000000        0x4 build/syscall-init.o
 .text.__x86.get_pc_thunk.bx
                0x00000000        0x4 build/syscall-init.o
 .note.GNU-stack
                0x00000000        0x0 build/syscall-init.o
 .group         0x00000000        0x8 build/syscall.o
 .text.__x86.get_pc_thunk.ax
                0x00000000        0x4 build/syscall.o
 .note.GNU-stack
                0x00000000        0x0 build/syscall.o
 .group         0x00000000        0x8 build/stdio.o
 .group         0x00000000        0x8 build/stdio.o
 .text.__x86.get_pc_thunk.ax
                0x00000000        0x4 build/stdio.o
 .text.__x86.get_pc_thunk.bx
                0x00000000        0x4 build/stdio.o
 .note.GNU-stack
                0x00000000        0x0 build/stdio.o

Memory Configuration

Name             Origin             Length             Attributes
*default*        0x00000000         0xffffffff

Linker script and memory map

Address of section .text set to 0xc0001500
LOAD build/main.o
LOAD build/init.o
LOAD build/interrupt.o
LOAD build/timer.o
LOAD build/kernel.o
LOAD build/print.o
LOAD build/switch.o
LOAD build/debug.o
LOAD build/string.o
LOAD build/memory.o
LOAD build/bitmap.o
LOAD build/thread.o
LOAD build/list.o
LOAD build/sync.o
LOAD build/console.o
LOAD build/keyboard.o
LOAD build/ioqueue.o
LOAD build/tss.o
LOAD build/process.o
LOAD build/syscall-init.o
LOAD build/syscall.o
LOAD build/stdio.o
                [!provide]                        PROVIDE (__executable_start = SEGMENT_START ("text-segment", 0x8048000))
                0x080480f4                        . = (SEGMENT_START ("text-segment", 0x8048000) + SIZEOF_HEADERS)

.interp
 *(.interp)

.note.gnu.build-id
 *(.note.gnu.build-id)

.hash
 *(.hash)

.gnu.hash
 *(.gnu.hash)

.dynsym
 *(.dynsym)

.dynstr
 *(.dynstr)

.gnu.version
 *(.gnu.version)

.gnu.version_d
 *(.gnu.version_d)

.gnu.version_r
 *(.gnu.version_r)

.rel.dyn        0x080480f4        0x0
 *(.rel.init)
 *(.rel.text .rel.text.* .rel.gnu.linkonce.t.*)
 *(.rel.fini)
 *(.rel.rodata .rel.rodata.* .rel.gnu.linkonce.r.*)
 *(.rel.data.rel.ro .rel.data.rel.ro.* .rel.gnu.linkonce.d.rel.ro.*)
 *(.rel.data .rel.data.* .rel.gnu.linkonce.d.*)
 *(.rel.tdata .rel.tdata.* .rel.gnu.linkonce.td.*)
 *(.rel.tbss .rel.tbss.* .rel.gnu.linkonce.tb.*)
 *(.rel.ctors)
 *(.rel.dtors)
 *(.rel.got)
 .rel.got       0x080480f4        0x0 build/main.o
 *(.rel.bss .rel.bss.* .rel.gnu.linkonce.b.*)
 *(.rel.ifunc)

.rel.plt        0x080480f4        0x0
 *(.rel.plt)
                [!provide]                        PROVIDE (__rel_iplt_start = .)
 *(.rel.iplt)
 .rel.iplt      0x080480f4        0x0 build/main.o
                [!provide]                        PROVIDE (__rel_iplt_end = .)

.relr.dyn
 *(.relr.dyn)
                0x08049000                        . = ALIGN (CONSTANT (MAXPAGESIZE))

.init
 *(SORT_NONE(.init))

.plt            0x08049000        0x0
 *(.plt)
 *(.iplt)
 .iplt          0x08049000        0x0 build/main.o

.plt.got
 *(.plt.got)

.plt.sec
 *(.plt.sec)

.text           0xc0001500     0x519d
 *(.text.unlikely .text.*_unlikely .text.unlikely.*)
 *(.text.exit .text.exit.*)
 *(.text.startup .text.startup.*)
 *(.text.hot .text.hot.*)
 *(SORT_BY_NAME(.text.sorted.*))
 *(.text .stub .text.* .gnu.linkonce.t.*)
 .text          0xc0001500      0x167 build/main.o
                0xc0001500                main
                0xc0001577                test_thread1
                0xc00015ef                test_thread2
 .text.__x86.get_pc_thunk.bx
                0xc0001667        0x4 build/main.o
                0xc0001667                __x86.get_pc_thunk.bx
 .text          0xc000166b       0x52 build/init.o
                0xc000166b                init_all
 .text          0xc00016bd      0x55b build/interrupt.o
                0xc0001abf                idt_init
                0xc0001b2b                intr_get_intr
                0xc0001b52                intr_enable
                0xc0001b85                intr_disable
                0xc0001bb8                intr_get_status
                0xc0001bcc                intr_set_intr
                0xc0001bf1                register_handler
 .text.__x86.get_pc_thunk.ax
                0xc0001c18        0x4 build/interrupt.o
                0xc0001c18                __x86.get_pc_thunk.ax
 .text          0xc0001c1c      0x1b5 build/timer.o
                0xc0001d69                timer_init
 *fill*         0xc0001dd1        0xf 
 .text          0xc0001de0      0xe21 build/kernel.o
                0xc0001de0                intr_exit
                0xc0001dee                syscall_handler
 *fill*         0xc0002c01        0xf 
 .text          0xc0002c10      0x172 build/print.o
                0xc0002c10                put_str
                0xc0002c2e                put_int
                0xc0002c91                put_char
                0xc0002d5e                set_cursor
 *fill*         0xc0002d82        0xe 
 .text          0xc0002d90       0x15 build/switch.o
                0xc0002d90                switch_to
 .text          0xc0002da5       0xf3 build/debug.o
                0xc0002da5                panic_spin
 .text          0xc0002e98      0x49c build/string.o
                0xc0002e98                memset
                0xc0002f00                memcpy
                0xc0002f76                memcmp
                0xc000300f                strcpy
                0xc000307a                strlen
                0xc00030d7                strcmp
                0xc0003166                strchr
                0xc00031ce                strrchr
                0xc0003242                strcat
                0xc00032c2                strchrs
 .text          0xc0003334     0x128b build/memory.o
                0xc0003334                block_desc_init
                0xc0003508                pde_ptr
                0xc000352e                pte_ptr
                0xc000370c                malloc_page
                0xc00037e5                get_kernel_pages
                0xc000382f                get_user_pages
                0xc000389d                get_a_page
                0xc0003a24                addr_v2p
                0xc0003cb3                mem_init
                0xc0003d19                pfree
                0xc0003e83                mfree_page
                0xc00040ae                sys_malloc
                0xc00043d9                sys_free
 .text          0xc00045bf      0x28a build/bitmap.o
                0xc00045bf                bitmap_init
                0xc00045f2                bitmap_scan_test
                0xc000463b                bitmap_scan
                0xc0004781                bitmap_set
 .text          0xc0004849      0x752 build/thread.o
                0xc0004849                running_thread
                0xc00048e4                thread_create
                0xc0004968                init_thread
                0xc0004a1c                thread_start
                0xc0004bb1                schedule
                0xc0004cee                thread_init
                0xc0004d65                thread_block
                0xc0004ddd                thread_unblock
                0xc0004efe                thread_yield
 .text.__x86.get_pc_thunk.dx
                0xc0004f9b        0x4 build/thread.o
                0xc0004f9b                __x86.get_pc_thunk.dx
 .text          0xc0004f9f      0x25f build/list.o
                0xc0004f9f                list_init
                0xc0004fd7                list_insert_before
                0xc000502b                list_push
                0xc0005053                list_append
                0xc000507b                list_remove
                0xc00050c4                list_pop
                0xc00050f0                elem_find
                0xc0005135                list_traversal
                0xc000519c                list_len
                0xc00051db                list_empty
 .text          0xc00051fe      0x38f build/sync.o
                0xc00051fe                sema_init
                0xc0005238                lock_init
                0xc0005272                sema_down
                0xc000538e                sema_up
                0xc0005458                lock_acquire
                0xc00054de                lock_release
 .text          0xc000558d      0x119 build/console.o
                0xc000558d                console_init
                0xc00055b8                console_acquire
                0xc00055e3                console_release
                0xc000560e                console_put_str
                0xc000563e                console_put_char
                0xc0005676                console_put_int
 .text          0xc00056a6      0x317 build/keyboard.o
                0xc000595b                keyboard_init
 .text          0xc00059bd      0x380 build/ioqueue.o
                0xc00059bd                ioqueue_init
                0xc0005a37                ioq_full
                0xc0005a98                ioq_empty
                0xc0005ba2                ioq_getchar
                0xc0005c6e                ioq_putchar
 .text          0xc0005d3d      0x1b1 build/tss.o
                0xc0005d3d                update_tss_esp
                0xc0005dce                tss_init
 .text          0xc0005eee      0x3d3 build/process.o
                0xc0005eee                start_process
                0xc0005ff7                page_dir_activate
                0xc000603c                process_activate
                0xc000609f                create_page_dir
                0xc0006128                create_user_addr_bitmap
                0xc0006181                process_execute
 .text          0xc00062c1       0xbf build/syscall-init.o
                0xc00062c1                sys_getpid
                0xc00062e1                sys_write
                0xc0006314                syscall_init
 .text          0xc0006380       0x95 build/syscall.o
                0xc0006380                getpid
                0xc000639f                write
                0xc00063c7                malloc
                0xc00063ef                free
 .text          0xc0006415      0x288 build/stdio.o
                0xc00064a6                vsprintf
                0xc0006634                printf
 *(.gnu.warning)

.fini
 *(SORT_NONE(.fini))
                [!provide]                        PROVIDE (__etext = .)
                [!provide]                        PROVIDE (_etext = .)
                [!provide]                        PROVIDE (etext = .)
                0xc0007000                        . = ALIGN (CONSTANT (MAXPAGESIZE))
                0xc0007000                        . = SEGMENT_START ("rodata-segment", (ALIGN (CONSTANT (MAXPAGESIZE)) + (. & (CONSTANT (MAXPAGESIZE) - 0x1))))

.rodata         0xc0007000      0xf6f
 *(.rodata .rodata.* .gnu.linkonce.r.*)
 .rodata        0xc0007000       0x35 build/main.o
 .rodata        0xc0007035        0xa build/init.o
 *fill*         0xc000703f        0x1 
 .rodata        0xc0007040      0x2c1 build/interrupt.o
 *fill*         0xc0007301        0x3 
 .rodata        0xc0007304       0x70 build/timer.o
 .rodata        0xc0007374       0x80 build/debug.o
 .rodata        0xc00073f4       0xe0 build/string.o
 .rodata        0xc00074d4      0x445 build/memory.o
 *fill*         0xc0007919        0x3 
 .rodata        0xc000791c       0x6b build/bitmap.o
 *fill*         0xc0007987        0x1 
 .rodata        0xc0007988      0x2a9 build/thread.o
 *fill*         0xc0007c31        0x3 
 .rodata        0xc0007c34      0x135 build/sync.o
 .rodata        0xc0007d69       0x36 build/keyboard.o
 *fill*         0xc0007d9f        0x1 
 .rodata        0xc0007da0       0xa8 build/ioqueue.o
 .rodata        0xc0007e48       0x27 build/tss.o
 *fill*         0xc0007e6f        0x1 
 .rodata        0xc0007e70       0xd8 build/process.o
 .rodata        0xc0007f48       0x27 build/syscall-init.o

.rodata1
 *(.rodata1)

.eh_frame_hdr
 *(.eh_frame_hdr)
 *(.eh_frame_entry .eh_frame_entry.*)

.eh_frame       0xc0007f70     0x10e0
 *(.eh_frame)
 .eh_frame      0xc0007f70       0x8c build/main.o
 .eh_frame      0xc0007ffc       0x24 build/init.o
                                 0x50 (size before relaxing)
 .eh_frame      0xc0008020      0x1c4 build/interrupt.o
                                0x1f0 (size before relaxing)
 .eh_frame      0xc00081e4       0x94 build/timer.o
                                 0xd4 (size before relaxing)
 .eh_frame      0xc0008278       0x1c build/debug.o
                                 0x48 (size before relaxing)
 .eh_frame      0xc0008294      0x168 build/string.o
                                0x194 (size before relaxing)
 .eh_frame      0xc00083fc      0x2dc build/memory.o
                                0x31c (size before relaxing)
 .eh_frame      0xc00086d8       0x90 build/bitmap.o
                                 0xbc (size before relaxing)
 .eh_frame      0xc0008768      0x1bc build/thread.o
                                0x1fc (size before relaxing)
 .eh_frame      0xc0008924      0x148 build/list.o
                                0x188 (size before relaxing)
 .eh_frame      0xc0008a6c       0xdc build/sync.o
                                0x11c (size before relaxing)
 .eh_frame      0xc0008b48       0xd8 build/console.o
                                0x118 (size before relaxing)
 .eh_frame      0xc0008c20       0x68 build/keyboard.o
                                 0xa8 (size before relaxing)
 .eh_frame      0xc0008c88      0x11c build/ioqueue.o
                                0x15c (size before relaxing)
 .eh_frame      0xc0008da4       0x6c build/tss.o
                                 0xac (size before relaxing)
 .eh_frame      0xc0008e10       0xd8 build/process.o
                                0x118 (size before relaxing)
 .eh_frame      0xc0008ee8       0x6c build/syscall-init.o
                                 0xac (size before relaxing)
 .eh_frame      0xc0008f54       0x8c build/syscall.o
                                 0xb8 (size before relaxing)
 .eh_frame      0xc0008fe0       0x70 build/stdio.o
                                 0xb0 (size before relaxing)
 *(.eh_frame.*)

.sframe
 *(.sframe)
 *(.sframe.*)

.gcc_except_table
 *(.gcc_except_table .gcc_except_table.*)

.gnu_extab
 *(.gnu_extab*)

.exception_ranges
 *(.exception_ranges*)
                0xc000aff4                        . = DATA_SEGMENT_ALIGN (CONSTANT (MAXPAGESIZE), CONSTANT (COMMONPAGESIZE))

.eh_frame
 *(.eh_frame)
 *(.eh_frame.*)

.sframe
 *(.sframe)
 *(.sframe.*)

.gnu_extab
 *(.gnu_extab)

.gcc_except_table
 *(.gcc_except_table .gcc_except_table.*)

.exception_ranges
 *(.exception_ranges*)

.tdata          0xc000aff4        0x0
                [!provide]                        PROVIDE (__tdata_start = .)
 *(.tdata .tdata.* .gnu.linkonce.td.*)

.tbss
 *(.tbss .tbss.* .gnu.linkonce.tb.*)
 *(.tcommon)

.preinit_array  0xc000aff4        0x0
                [!provide]                        PROVIDE (__preinit_array_start = .)
 *(.preinit_array)
                [!provide]                        PROVIDE (__preinit_array_end = .)

.init_array     0xc000aff4        0x0
                [!provide]                        PROVIDE (__init_array_start = .)
 *(SORT_BY_INIT_PRIORITY(.init_array.*) SORT_BY_INIT_PRIORITY(.ctors.*))
 *(.init_array EXCLUDE_FILE(*crtend?.o *crtend.o *crtbegin?.o *crtbegin.o) .ctors)
                [!provide]                        PROVIDE (__init_array_end = .)

.fini_array     0xc000aff4        0x0
                [!provide]                        PROVIDE (__fini_array_start = .)
 *(SORT_BY_INIT_PRIORITY(.fini_array.*) SORT_BY_INIT_PRIORITY(.dtors.*))
 *(.fini_array EXCLUDE_FILE(*crtend?.o *crtend.o *crtbegin?.o *crtbegin.o) .dtors)
                [!provide]                        PROVIDE (__fini_array_end = .)

.ctors
 *crtbegin.o(.ctors)
 *crtbegin?.o(.ctors)
 *(EXCLUDE_FILE(*crtend?.o *crtend.o) .ctors)
 *(SORT_BY_NAME(.ctors.*))
 *(.ctors)

.dtors
 *crtbegin.o(.dtors)
 *crtbegin?.o(.dtors)
 *(EXCLUDE_FILE(*crtend?.o *crtend.o) .dtors)
 *(SORT_BY_NAME(.dtors.*))
 *(.dtors)

.jcr
 *(.jcr)

.data.rel.ro
 *(.data.rel.ro.local* .gnu.linkonce.d.rel.ro.local.*)
 *(.data.rel.ro .data.rel.ro.* .gnu.linkonce.d.rel.ro.*)

.dynamic
 *(.dynamic)

.got            0xc000aff4        0x0
 *(.got)
 .got           0xc000aff4        0x0 build/main.o
 *(.igot)
                0xc000aff4                        . = DATA_SEGMENT_RELRO_END (., (SIZEOF (.got.plt) >= 0xc)?0xc:0x0)

.got.plt        0xc000aff4        0xc
 *(.got.plt)
 .got.plt       0xc000aff4        0xc build/main.o
                0xc000aff4                _GLOBAL_OFFSET_TABLE_
 *(.igot.plt)
 .igot.plt      0xc000b000        0x0 build/main.o

.data           0xc000b000      0x296
 *(.data .data.* .gnu.linkonce.d.*)
 .data          0xc000b000        0x0 build/main.o
 .data          0xc000b000        0x0 build/init.o
 .data          0xc000b000        0x0 build/interrupt.o
 .data          0xc000b000        0x0 build/timer.o
 .data          0xc000b000      0x200 build/kernel.o
                0xc000b000                intr_entry_table
 .data          0xc000b200        0x8 build/print.o
 .data          0xc000b208        0x0 build/debug.o
 .data          0xc000b208        0x0 build/string.o
 .data          0xc000b208        0x0 build/memory.o
 .data          0xc000b208        0x0 build/bitmap.o
 .data          0xc000b208        0x0 build/thread.o
 .data          0xc000b208        0x0 build/list.o
 .data          0xc000b208        0x0 build/sync.o
 .data          0xc000b208        0x0 build/console.o
 *fill*         0xc000b208       0x18 
 .data          0xc000b220       0x76 build/keyboard.o
                0xc000b220                keymap
 .data          0xc000b296        0x0 build/ioqueue.o
 .data          0xc000b296        0x0 build/tss.o
 .data          0xc000b296        0x0 build/process.o
 .data          0xc000b296        0x0 build/syscall-init.o
 .data          0xc000b296        0x0 build/syscall.o
 .data          0xc000b296        0x0 build/stdio.o

.data1
 *(.data1)
                0xc000b296                        _edata = .
                [!provide]                        PROVIDE (edata = .)
                0xc000b298                        . = ALIGN (ALIGNOF (NEXT_SECTION))
                0xc000b2a0                        __bss_start = .

.bss            0xc000b2a0      0xb80
 *(.dynbss)
 *(.bss .bss.* .gnu.linkonce.b.*)
 .bss           0xc000b2a0        0x0 build/main.o
 .bss           0xc000b2a0        0x0 build/init.o
 .bss           0xc000b2a0      0x848 build/interrupt.o
                0xc000b2a0                intr_name
                0xc000b4c0                idt_table
 .bss           0xc000bae8        0x4 build/timer.o
                0xc000bae8                ticks
 .bss           0xc000baec        0x0 build/debug.o
 .bss           0xc000baec        0x0 build/string.o
 *fill*         0xc000baec       0x14 
 .bss           0xc000bb00      0x138 build/memory.o
                0xc000bb00                k_block_desc
                0xc000bbc0                kernel_pool
                0xc000bc00                user_pool
                0xc000bc2c                kernel_vaddr
 .bss           0xc000bc38        0x0 build/bitmap.o
 .bss           0xc000bc38       0x4c build/thread.o
                0xc000bc38                idle_thread
                0xc000bc3c                main_trhead
                0xc000bc40                thread_ready_list
                0xc000bc50                thread_all_list
                0xc000bc60                pid_lock
 .bss           0xc000bc84        0x0 build/list.o
 .bss           0xc000bc84        0x0 build/sync.o
 .bss           0xc000bc84       0x1c build/console.o
 .bss           0xc000bca0       0x80 build/keyboard.o
                0xc000bca0                ioqueue
 .bss           0xc000bd20        0x0 build/ioqueue.o
 .bss           0xc000bd20       0x6c build/tss.o
 .bss           0xc000bd8c        0x0 build/process.o
 *fill*         0xc000bd8c       0x14 
 .bss           0xc000bda0       0x80 build/syscall-init.o
                0xc000bda0                syscall_table
 .bss           0xc000be20        0x0 build/syscall.o
 .bss           0xc000be20        0x0 build/stdio.o
 *(COMMON)
                0xc000be20                        . = ALIGN ((. != 0x0)?0x4:0x1)
                0xc000be20                        . = ALIGN (0x4)
                0xc000be20                        . = SEGMENT_START ("ldata-segment", .)
                0xc000be20                        . = ALIGN (0x4)
                0xc000be20                        _end = .
                [!provide]                        PROVIDE (end = .)
                0xc000be20                        . = DATA_SEGMENT_END (.)

.stab
 *(.stab)

.stabstr
 *(.stabstr)

.stab.excl
 *(.stab.excl)

.stab.exclstr
 *(.stab.exclstr)

.stab.index
 *(.stab.index)

.stab.indexstr
 *(.stab.indexstr)

.comment        0x00000000       0x2b
 *(.comment)
 .comment       0x00000000       0x2b build/main.o
                                 0x2c (size before relaxing)
 .comment       0x0000002b       0x2c build/init.o
 .comment       0x0000002b       0x2c build/interrupt.o
 .comment       0x0000002b       0x2c build/timer.o
 .comment       0x0000002b       0x2c build/debug.o
 .comment       0x0000002b       0x2c build/string.o
 .comment       0x0000002b       0x2c build/memory.o
 .comment       0x0000002b       0x2c build/bitmap.o
 .comment       0x0000002b       0x2c build/thread.o
 .comment       0x0000002b       0x2c build/list.o
 .comment       0x0000002b       0x2c build/sync.o
 .comment       0x0000002b       0x2c build/console.o
 .comment       0x0000002b       0x2c build/keyboard.o
 .comment       0x0000002b       0x2c build/ioqueue.o
 .comment       0x0000002b       0x2c build/tss.o
 .comment       0x0000002b       0x2c build/process.o
 .comment       0x0000002b       0x2c build/syscall-init.o
 .comment       0x0000002b       0x2c build/syscall.o
 .comment       0x0000002b       0x2c build/stdio.o

.gnu.build.attributes
 *(.gnu.build.attributes .gnu.build.attributes.*)

.debug
 *(.debug)

.line
 *(.line)

.debug_srcinfo
 *(.debug_srcinfo)

.debug_sfnames
 *(.debug_sfnames)

.debug_aranges
 *(.debug_aranges)

.debug_pubnames
 *(.debug_pubnames)

.debug_info
 *(.debug_info .gnu.linkonce.wi.*)

.debug_abbrev
 *(.debug_abbrev)

.debug_line
 *(.debug_line .debug_line.* .debug_line_end)

.debug_frame
 *(.debug_frame)

.debug_str
 *(.debug_str)

.debug_loc
 *(.debug_loc)

.debug_macinfo
 *(.debug_macinfo)

.debug_weaknames
 *(.debug_weaknames)

.debug_funcnames
 *(.debug_funcnames)

.debug_typenames
 *(.debug_typenames)

.debug_varnames
 *(.debug_varnames)

.debug_pubtypes
 *(.debug_pubtypes)

.debug_ranges
 *(.debug_ranges)

.debug_addr
 *(.debug_addr)

.debug_line_str
 *(.debug_line_str)

.debug_loclists
 *(.debug_loclists)

.debug_macro
 *(.debug_macro)

.debug_names
 *(.debug_names)

.debug_rnglists
 *(.debug_rnglists)

.debug_str_offsets
 *(.debug_str_offsets)

.debug_sup
 *(.debug_sup)

.gnu.attributes
 *(.gnu.attributes)

/DISCARD/
 *(.note.GNU-stack)
 *(.gnu_debuglink)
 *(.gnu.lto_*)
OUTPUT(build/kernel.bin elf32-i386)
